Component: ARM Compiler 5.05 update 1 (build 106) Tool: armlink [4d0efa]

==============================================================================

Section Cross References

    startup_stm32f103xe.o(RESET) refers to startup_stm32f103xe.o(STACK) for __initial_sp
    startup_stm32f103xe.o(RESET) refers to startup_stm32f103xe.o(.text) for Reset_Handler
    startup_stm32f103xe.o(RESET) refers to stm32f1xx_it.o(i.NMI_Handler) for NMI_Handler
    startup_stm32f103xe.o(RESET) refers to stm32f1xx_it.o(i.HardFault_Handler) for HardFault_Handler
    startup_stm32f103xe.o(RESET) refers to stm32f1xx_it.o(i.MemManage_Handler) for MemManage_Handler
    startup_stm32f103xe.o(RESET) refers to stm32f1xx_it.o(i.BusFault_Handler) for BusFault_Handler
    startup_stm32f103xe.o(RESET) refers to stm32f1xx_it.o(i.UsageFault_Handler) for UsageFault_Handler
    startup_stm32f103xe.o(RESET) refers to stm32f1xx_it.o(i.SVC_Handler) for SVC_Handler
    startup_stm32f103xe.o(RESET) refers to stm32f1xx_it.o(i.DebugMon_Handler) for DebugMon_Handler
    startup_stm32f103xe.o(RESET) refers to stm32f1xx_it.o(i.PendSV_Handler) for PendSV_Handler
    startup_stm32f103xe.o(RESET) refers to stm32f1xx_it.o(i.SysTick_Handler) for SysTick_Handler
    startup_stm32f103xe.o(RESET) refers to stm32f1xx_it.o(i.DMA1_Channel4_IRQHandler) for DMA1_Channel4_IRQHandler
    startup_stm32f103xe.o(RESET) refers to stm32f1xx_it.o(i.DMA1_Channel5_IRQHandler) for DMA1_Channel5_IRQHandler
    startup_stm32f103xe.o(RESET) refers to stm32f1xx_it.o(i.I2C2_EV_IRQHandler) for I2C2_EV_IRQHandler
    startup_stm32f103xe.o(RESET) refers to stm32f1xx_it.o(i.I2C2_ER_IRQHandler) for I2C2_ER_IRQHandler
    startup_stm32f103xe.o(RESET) refers to stm32f1xx_it.o(i.USART1_IRQHandler) for USART1_IRQHandler
    startup_stm32f103xe.o(.text) refers to system_stm32f1xx.o(i.SystemInit) for SystemInit
    startup_stm32f103xe.o(.text) refers to entry.o(.ARM.Collect$$$$00000000) for __main
    main.o(i.HAL_I2C_SlaveRxCpltCallback) refers to main.o(.bss) for .bss
    main.o(i.HAL_I2C_SlaveRxCpltCallback) refers to main.o(.data) for .data
    main.o(i.HAL_UART_RxCpltCallback) refers to memseta.o(.text) for __aeabi_memclr4
    main.o(i.HAL_UART_RxCpltCallback) refers to stm32f1xx_hal_uart.o(i.HAL_UART_Transmit) for HAL_UART_Transmit
    main.o(i.HAL_UART_RxCpltCallback) refers to stm32f1xx_hal_uart.o(i.HAL_UART_Receive_IT) for HAL_UART_Receive_IT
    main.o(i.HAL_UART_RxCpltCallback) refers to printfa.o(i.__0printf) for __2printf
    main.o(i.HAL_UART_RxCpltCallback) refers to main.o(.data) for .data
    main.o(i.HAL_UART_RxCpltCallback) refers to main.o(.bss) for .bss
    main.o(i.MX_FSMC_Init) refers to memseta.o(.text) for __aeabi_memclr4
    main.o(i.MX_FSMC_Init) refers to stm32f1xx_hal_sram.o(i.HAL_SRAM_Init) for HAL_SRAM_Init
    main.o(i.MX_FSMC_Init) refers to main.o(.bss) for .bss
    main.o(i.MX_SPI2_Init) refers to stm32f1xx_hal_spi.o(i.HAL_SPI_Init) for HAL_SPI_Init
    main.o(i.MX_SPI2_Init) refers to main.o(.bss) for .bss
    main.o(i.SystemClock_Config) refers to memseta.o(.text) for __aeabi_memclr4
    main.o(i.SystemClock_Config) refers to stm32f1xx_hal_rcc.o(i.HAL_RCC_OscConfig) for HAL_RCC_OscConfig
    main.o(i.SystemClock_Config) refers to stm32f1xx_hal_rcc.o(i.HAL_RCC_ClockConfig) for HAL_RCC_ClockConfig
    main.o(i.fputc) refers to stm32f1xx_hal_uart.o(i.HAL_UART_Transmit) for HAL_UART_Transmit
    main.o(i.fputc) refers to main.o(.bss) for .bss
    main.o(i.main) refers to stm32f1xx_hal.o(i.HAL_Init) for HAL_Init
    main.o(i.main) refers to main.o(i.SystemClock_Config) for SystemClock_Config
    main.o(i.main) refers to main.o(i.MX_GPIO_Init) for MX_GPIO_Init
    main.o(i.main) refers to stm32f1xx_hal_cortex.o(i.HAL_NVIC_SetPriority) for HAL_NVIC_SetPriority
    main.o(i.main) refers to stm32f1xx_hal_cortex.o(i.HAL_NVIC_EnableIRQ) for HAL_NVIC_EnableIRQ
    main.o(i.main) refers to main.o(i.MX_FSMC_Init) for MX_FSMC_Init
    main.o(i.main) refers to stm32f1xx_hal_i2c.o(i.HAL_I2C_Init) for HAL_I2C_Init
    main.o(i.main) refers to main.o(i.MX_SPI2_Init) for MX_SPI2_Init
    main.o(i.main) refers to stm32f1xx_hal_uart.o(i.HAL_UART_Init) for HAL_UART_Init
    main.o(i.main) refers to stm32f1xx_hal_uart.o(i.HAL_UART_Receive_IT) for HAL_UART_Receive_IT
    main.o(i.main) refers to stm32f1xx_hal_i2c.o(i.HAL_I2C_Slave_Receive_IT) for HAL_I2C_Slave_Receive_IT
    main.o(i.main) refers to vme.o(i.vme_startup) for vme_startup
    main.o(i.main) refers to stm32f1xx_hal.o(i.HAL_Delay) for HAL_Delay
    main.o(i.main) refers to main.o(.bss) for .bss
    main.o(i.main) refers to main.o(.data) for .data
    stm32f1xx_it.o(i.DMA1_Channel4_IRQHandler) refers to stm32f1xx_hal_dma.o(i.HAL_DMA_IRQHandler) for HAL_DMA_IRQHandler
    stm32f1xx_it.o(i.DMA1_Channel4_IRQHandler) refers to main.o(.bss) for hdma_usart1_tx
    stm32f1xx_it.o(i.DMA1_Channel5_IRQHandler) refers to stm32f1xx_hal_dma.o(i.HAL_DMA_IRQHandler) for HAL_DMA_IRQHandler
[...]
    Removing stm32f1xx_hal_flash.o(.rrx_text), (6 bytes).
    Removing stm32f1xx_hal_flash.o(i.FLASH_Program_HalfWord), (28 bytes).
    Removing stm32f1xx_hal_flash.o(i.FLASH_SetErrorCode), (92 bytes).
    Removing stm32f1xx_hal_flash.o(i.FLASH_WaitForLastOperation), (84 bytes).
    Removing stm32f1xx_hal_flash.o(i.HAL_FLASH_EndOfOperationCallback), (2 bytes).
    Removing stm32f1xx_hal_flash.o(i.HAL_FLASH_GetError), (12 bytes).
    Removing stm32f1xx_hal_flash.o(i.HAL_FLASH_IRQHandler), (260 bytes).
    Removing stm32f1xx_hal_flash.o(i.HAL_FLASH_Lock), (20 bytes).
    Removing stm32f1xx_hal_flash.o(i.HAL_FLASH_OB_Launch), (4 bytes).
    Removing stm32f1xx_hal_flash.o(i.HAL_FLASH_OB_Lock), (20 bytes).
    Removing stm32f1xx_hal_flash.o(i.HAL_FLASH_OB_Unlock), (36 bytes).
    Removing stm32f1xx_hal_flash.o(i.HAL_FLASH_OperationErrorCallback), (2 bytes).
    Removing stm32f1xx_hal_flash.o(i.HAL_FLASH_Program), (128 bytes).
    Removing stm32f1xx_hal_flash.o(i.HAL_FLASH_Program_IT), (100 bytes).
    Removing stm32f1xx_hal_flash.o(i.HAL_FLASH_Unlock), (40 bytes).
    Removing stm32f1xx_hal_flash.o(.bss), (32 bytes).
    Removing stm32f1xx_hal_flash_ex.o(.rev16_text), (4 bytes).
    Removing stm32f1xx_hal_flash_ex.o(.revsh_text), (4 bytes).
    Removing stm32f1xx_hal_flash_ex.o(.rrx_text), (6 bytes).
    Removing stm32f1xx_hal_flash_ex.o(i.FLASH_MassErase), (36 bytes).
    Removing stm32f1xx_hal_flash_ex.o(i.FLASH_OB_DisableWRP), (176 bytes).
    Removing stm32f1xx_hal_flash_ex.o(i.FLASH_OB_EnableWRP), (176 bytes).
    Removing stm32f1xx_hal_flash_ex.o(i.FLASH_OB_GetRDP), (24 bytes).
    Removing stm32f1xx_hal_flash_ex.o(i.FLASH_OB_RDP_LevelConfig), (100 bytes).
    Removing stm32f1xx_hal_flash_ex.o(i.FLASH_PageErase), (36 bytes).
    Removing stm32f1xx_hal_flash_ex.o(i.HAL_FLASHEx_Erase), (168 bytes).
    Removing stm32f1xx_hal_flash_ex.o(i.HAL_FLASHEx_Erase_IT), (84 bytes).
    Removing stm32f1xx_hal_flash_ex.o(i.HAL_FLASHEx_OBErase), (84 bytes).
    Removing stm32f1xx_hal_flash_ex.o(i.HAL_FLASHEx_OBGetConfig), (36 bytes).
    Removing stm32f1xx_hal_flash_ex.o(i.HAL_FLASHEx_OBGetUserData), (32 bytes).
    Removing stm32f1xx_hal_flash_ex.o(i.HAL_FLASHEx_OBProgram), (200 bytes).
    Removing stm32f1xx_hal_exti.o(.rev16_text), (4 bytes).
    Removing stm32f1xx_hal_exti.o(.revsh_text), (4 bytes).
    Removing stm32f1xx_hal_exti.o(.rrx_text), (6 bytes).
    Removing stm32f1xx_hal_exti.o(i.HAL_EXTI_ClearConfigLine), (104 bytes).
    Removing stm32f1xx_hal_exti.o(i.HAL_EXTI_ClearPending), (20 bytes).
    Removing stm32f1xx_hal_exti.o(i.HAL_EXTI_GenerateSWI), (20 bytes).
    Removing stm32f1xx_hal_exti.o(i.HAL_EXTI_GetConfigLine), (152 bytes).
    Removing stm32f1xx_hal_exti.o(i.HAL_EXTI_GetHandle), (12 bytes).
    Removing stm32f1xx_hal_exti.o(i.HAL_EXTI_GetPending), (24 bytes).
    Removing stm32f1xx_hal_exti.o(i.HAL_EXTI_IRQHandler), (36 bytes).
    Removing stm32f1xx_hal_exti.o(i.HAL_EXTI_RegisterCallback), (14 bytes).
    Removing stm32f1xx_hal_exti.o(i.HAL_EXTI_SetConfigLine), (164 bytes).
    Removing system_stm32f1xx.o(.rev16_text), (4 bytes).
    Removing system_stm32f1xx.o(.revsh_text), (4 bytes).
    Removing system_stm32f1xx.o(.rrx_text), (6 bytes).
    Removing system_stm32f1xx.o(i.SystemCoreClockUpdate), (104 bytes).

386 unused section(s) (total 24850 bytes) removed from the image.

==============================================================================

Image Symbol Table

    Local Symbols

    Symbol Name                              Value     Ov Type        Size  Object(Section)

    ../Drivers/STM32F1xx_HAL_Driver/Src/stm32f1xx_hal.c 0x00000000   Number         0  stm32f1xx_hal.o ABSOLUTE
    ../Drivers/STM32F1xx_HAL_Driver/Src/stm32f1xx_hal_cortex.c 0x00000000   Number         0  stm32f1xx_hal_cortex.o ABSOLUTE
    ../Drivers/STM32F1xx_HAL_Driver/Src/stm32f1xx_hal_dma.c 0x00000000   Number         0  stm32f1xx_hal_dma.o ABSOLUTE
    ../Drivers/STM32F1xx_HAL_Driver/Src/stm32f1xx_hal_exti.c 0x00000000   Number         0  stm32f1xx_hal_exti.o ABSOLUTE
    ../Drivers/STM32F1xx_HAL_Driver/Src/stm32f1xx_hal_flash.c 0x00000000   Number         0  stm32f1xx_hal_flash.o ABSOLUTE
    ../Drivers/STM32F1xx_HAL_Driver/Src/stm32f1xx_hal_flash_ex.c 0x00000000   Number         0  stm32f1xx_hal_flash_ex.o ABSOLUTE
    ../Drivers/STM32F1xx_HAL_Driver/Src/stm32f1xx_hal_gpio.c 0x00000000   Number         0  stm32f1xx_hal_gpio.o ABSOLUTE
    ../Drivers/STM32F1xx_HAL_Driver/Src/stm32f1xx_hal_gpio_ex.c 0x00000000   Number         0  stm32f1xx_hal_gpio_ex.o ABSOLUTE
    ../Drivers/STM32F1xx_HAL_Driver/Src/stm32f1xx_hal_i2c.c 0x00000000   Number         0  stm32f1xx_hal_i2c.o ABSOLUTE
    ../Drivers/STM32F1xx_HAL_Driver/Src/stm32f1xx_hal_pwr.c 0x00000000   Number         0  stm32f1xx_hal_pwr.o ABSOLUTE
    ../Drivers/STM32F1xx_HAL_Driver/Src/stm32f1xx_hal_rcc.c 0x00000000   Number         0  stm32f1xx_hal_rcc.o ABSOLUTE
    ../Drivers/STM32F1xx_HAL_Driver/Src/stm32f1xx_hal_rcc_ex.c 0x00000000   Number         0  stm32f1xx_hal_rcc_ex.o ABSOLUTE
    ../Drivers/STM32F1xx_HAL_Driver/Src/stm32f1xx_hal_spi.c 0x00000000   Number         0  stm32f1xx_hal_spi.o ABSOLUTE
    ../Drivers/STM32F1xx_HAL_Driver/Src/stm32f1xx_hal_sram.c 0x00000000   Number         0  stm32f1xx_hal_sram.o ABSOLUTE
    ../Drivers/STM32F1xx_HAL_Driver/Src/stm32f1xx_hal_tim.c 0x00000000   Number         0  stm32f1xx_hal_tim.o ABSOLUTE
    ../Drivers/STM32F1xx_HAL_Driver/Src/stm32f1xx_hal_tim_ex.c 0x00000000   Number         0  stm32f1xx_hal_tim_ex.o ABSOLUTE
    ../Drivers/STM32F1xx_HAL_Driver/Src/stm32f1xx_hal_uart.c 0x00000000   Number         0  stm32f1xx_hal_uart.o ABSOLUTE
    ../Drivers/STM32F1xx_HAL_Driver/Src/stm32f1xx_ll_fsmc.c 0x00000000   Number         0  stm32f1xx_ll_fsmc.o ABSOLUTE
    ../Src/main.c                            0x00000000   Number         0  main.o ABSOLUTE
    ../Src/stm32f1xx_hal_msp.c               0x00000000   Number         0  stm32f1xx_hal_msp.o ABSOLUTE
    ../Src/stm32f1xx_it.c                    0x00000000   Number         0  stm32f1xx_it.o ABSOLUTE
    ../Src/system_stm32f1xx.c                0x00000000   Number         0  system_stm32f1xx.o ABSOLUTE
    ../clib/microlib/ctype/tolower.c         0x00000000   Number         0  tolower.o ABSOLUTE
    ../clib/microlib/division.c              0x00000000   Number         0  uidiv.o ABSOLUTE
    ../clib/microlib/division.c              0x00000000   Number         0  uldiv.o ABSOLUTE
    ../clib/microlib/init/entry.s            0x00000000   Number         0  entry9b.o ABSOLUTE
    ../clib/microlib/init/entry.s            0x00000000   Number         0  entry7b.o ABSOLUTE
    ../clib/microlib/init/entry.s            0x00000000   Number         0  entry.o ABSOLUTE
    ../clib/microlib/init/entry.s            0x00000000   Number         0  entry10a.o ABSOLUTE
    ../clib/microlib/init/entry.s            0x00000000   Number         0  entry8a.o ABSOLUTE
    ../clib/microlib/init/entry.s            0x00000000   Number         0  entry8b.o ABSOLUTE
    ../clib/microlib/init/entry.s            0x00000000   Number         0  entry10b.o ABSOLUTE
    ../clib/microlib/init/entry.s            0x00000000   Number         0  entry11b.o ABSOLUTE
    ../clib/microlib/init/entry.s            0x00000000   Number         0  entry5.o ABSOLUTE
    ../clib/microlib/init/entry.s            0x00000000   Number         0  entry9a.o ABSOLUTE
    ../clib/microlib/init/entry.s            0x00000000   Number         0  entry2.o ABSOLUTE
    ../clib/microlib/init/entry.s            0x00000000   Number         0  entry11a.o ABSOLUTE
    ../clib/microlib/init/entry.s            0x00000000   Number         0  entry7a.o ABSOLUTE
    ../clib/microlib/longlong.c              0x00000000   Number         0  llshl.o ABSOLUTE
    ../clib/microlib/longlong.c              0x00000000   Number         0  llushr.o ABSOLUTE
    ../clib/microlib/longlong.c              0x00000000   Number         0  llsshr.o ABSOLUTE
    ../clib/microlib/printf/printf.c         0x00000000   Number         0  printf3.o ABSOLUTE
    ../clib/microlib/printf/printf.c         0x00000000   Number         0  printf2.o ABSOLUTE
    ../clib/microlib/printf/printf.c         0x00000000   Number         0  printf0.o ABSOLUTE
    ../clib/microlib/printf/printf.c         0x00000000   Number         0  printfb.o ABSOLUTE
    ../clib/microlib/printf/printf.c         0x00000000   Number         0  printfa.o ABSOLUTE
    ../clib/microlib/printf/printf.c         0x00000000   Number         0  printf8.o ABSOLUTE
    ../clib/microlib/printf/printf.c         0x00000000   Number         0  printf7.o ABSOLUTE
    ../clib/microlib/printf/printf.c         0x00000000   Number         0  printf1.o ABSOLUTE
    ../clib/microlib/printf/printf.c         0x00000000   Number         0  printf6.o ABSOLUTE
    ../clib/microlib/printf/printf.c         0x00000000   Number         0  printf5.o ABSOLUTE
    ../clib/microlib/printf/printf.c         0x00000000   Number         0  printf4.o ABSOLUTE
    ../clib/microlib/stdio/streams.c         0x00000000   Number         0  stdout.o ABSOLUTE
    ../clib/microlib/string/memset.c         0x00000000   Number         0  memseta.o ABSOLUTE
    ../clib/microlib/string/strcasecmp.c     0x00000000   Number         0  strcasecmp.o ABSOLUTE
    ../clib/microlib/string/strcpy.c         0x00000000   Number         0  strcpy.o ABSOLUTE
    ../clib/microlib/string/strlen.c         0x00000000   Number         0  strlen.o ABSOLUTE
    ../clib/microlib/string/strtok.c         0x00000000   Number         0  strtok_r.o ABSOLUTE
    ../clib/microlib/string/strtok.c         0x00000000   Number         0  strtok.o ABSOLUTE
    ../clib/microlib/stubs.s                 0x00000000   Number         0  iusefp.o ABSOLUTE
    ../fplib/microlib/fpadd.c                0x00000000   Number         0  dadd.o ABSOLUTE
    ../fplib/microlib/fpdiv.c                0x00000000   Number         0  ddiv.o ABSOLUTE
    ../fplib/microlib/fpepilogue.c           0x00000000   Number         0  depilogue.o ABSOLUTE
    ../fplib/microlib/fpfix.c                0x00000000   Number         0  dfixul.o ABSOLUTE
    ../fplib/microlib/fpmul.c                0x00000000   Number         0  dmul.o ABSOLUTE
    ..\Drivers\STM32F1xx_HAL_Driver\Src\stm32f1xx_hal.c 0x00000000   Number         0  stm32f1xx_hal.o ABSOLUTE
    ..\Drivers\STM32F1xx_HAL_Driver\Src\stm32f1xx_hal_cortex.c 0x00000000   Number         0  stm32f1xx_hal_cortex.o ABSOLUTE
    ..\Drivers\STM32F1xx_HAL_Driver\Src\stm32f1xx_hal_dma.c 0x00000000   Number         0  stm32f1xx_hal_dma.o ABSOLUTE
    ..\Drivers\STM32F1xx_HAL_Driver\Src\stm32f1xx_hal_exti.c 0x00000000   Number         0  stm32f1xx_hal_exti.o ABSOLUTE
    ..\Drivers\STM32F1xx_HAL_Driver\Src\stm32f1xx_hal_flash.c 0x00000000   Number         0  stm32f1xx_hal_flash.o ABSOLUTE
    ..\Drivers\STM32F1xx_HAL_Driver\Src\stm32f1xx_hal_flash_ex.c 0x00000000   Number         0  stm32f1xx_hal_flash_ex.o ABSOLUTE
    ..\Drivers\STM32F1xx_HAL_Driver\Src\stm32f1xx_hal_gpio.c 0x00000000   Number         0  stm32f1xx_hal_gpio.o ABSOLUTE
    ..\Drivers\STM32F1xx_HAL_Driver\Src\stm32f1xx_hal_gpio_ex.c 0x00000000   Number         0  stm32f1xx_hal_gpio_ex.o ABSOLUTE
    ..\Drivers\STM32F1xx_HAL_Driver\Src\stm32f1xx_hal_i2c.c 0x00000000   Number         0  stm32f1xx_hal_i2c.o ABSOLUTE
    ..\Drivers\STM32F1xx_HAL_Driver\Src\stm32f1xx_hal_pwr.c 0x00000000   Number         0  stm32f1xx_hal_pwr.o ABSOLUTE
    ..\Drivers\STM32F1xx_HAL_Driver\Src\stm32f1xx_hal_rcc.c 0x00000000   Number         0  stm32f1xx_hal_rcc.o ABSOLUTE
    ..\Drivers\STM32F1xx_HAL_Driver\Src\stm32f1xx_hal_rcc_ex.c 0x00000000   Number         0  stm32f1xx_hal_rcc_ex.o ABSOLUTE
    ..\Drivers\STM32F1xx_HAL_Driver\Src\stm32f1xx_hal_spi.c 0x00000000   Number         0  stm32f1xx_hal_spi.o ABSOLUTE
    ..\Drivers\STM32F1xx_HAL_Driver\Src\stm32f1xx_hal_sram.c 0x00000000   Number         0  stm32f1xx_hal_sram.o ABSOLUTE
    ..\Drivers\STM32F1xx_HAL_Driver\Src\stm32f1xx_hal_tim.c 0x00000000   Number         0  stm32f1xx_hal_tim.o ABSOLUTE
    ..\Drivers\STM32F1xx_HAL_Driver\Src\stm32f1xx_hal_tim_ex.c 0x00000000   Number         0  stm32f1xx_hal_tim_ex.o ABSOLUTE
    ..\Drivers\STM32F1xx_HAL_Driver\Src\stm32f1xx_hal_uart.c 0x00000000   Number         0  stm32f1xx_hal_uart.o ABSOLUTE
    ..\Drivers\STM32F1xx_HAL_Driver\Src\stm32f1xx_ll_fsmc.c 0x00000000   Number         0  stm32f1xx_ll_fsmc.o ABSOLUTE
    ..\Src\FSMC_FPGA.c                       0x00000000   Number         0  fsmc_fpga.o ABSOLUTE
    ..\Src\bsp_i2c.c                         0x00000000   Number         0  bsp_i2c.o ABSOLUTE
    ..\Src\cli_main.c                        0x00000000   Number         0  cli_main.o ABSOLUTE
    ..\Src\corechip0_pwrmanage.c             0x00000000   Number         0  corechip0_pwrmanage.o ABSOLUTE
    ..\Src\main.c                            0x00000000   Number         0  main.o ABSOLUTE
    ..\Src\mcu_app.c                         0x00000000   Number         0  mcu_app.o ABSOLUTE
    ..\Src\mcu_bsp.c                         0x00000000   Number         0  mcu_bsp.o ABSOLUTE
    ..\Src\mcu_init.c                        0x00000000   Number         0  mcu_init.o ABSOLUTE
    ..\Src\stm32f1xx_hal_msp.c               0x00000000   Number         0  stm32f1xx_hal_msp.o ABSOLUTE
    ..\Src\stm32f1xx_it.c                    0x00000000   Number         0  stm32f1xx_it.o ABSOLUTE
    ..\Src\system_stm32f1xx.c                0x00000000   Number         0  system_stm32f1xx.o ABSOLUTE
    ..\Src\vme.c                             0x00000000   Number         0  vme.o ABSOLUTE
    ..\\Src\\FSMC_FPGA.c                     0x00000000   Number         0  fsmc_fpga.o ABSOLUTE
    ..\\Src\\bsp_i2c.c                       0x00000000   Number         0  bsp_i2c.o ABSOLUTE
    ..\\Src\\cli_main.c                      0x00000000   Number         0  cli_main.o ABSOLUTE
    ..\\Src\\corechip0_pwrmanage.c           0x00000000   Number         0  corechip0_pwrmanage.o ABSOLUTE
    ..\\Src\\mcu_app.c                       0x00000000   Number         0  mcu_app.o ABSOLUTE
    ..\\Src\\mcu_bsp.c                       0x00000000   Number         0  mcu_bsp.o ABSOLUTE
    ..\\Src\\mcu_init.c                      0x00000000   Number         0  mcu_init.o ABSOLUTE
    ..\\Src\\vme.c                           0x00000000   Number         0  vme.o ABSOLUTE
    cdrcmple.s                               0x00000000   Number         0  cdrcmple.o ABSOLUTE
    dc.s                                     0x00000000   Number         0  dc.o ABSOLUTE
    handlers.s                               0x00000000   Number         0  handlers.o ABSOLUTE
    init.s                                   0x00000000   Number         0  init.o ABSOLUTE
    startup_stm32f103xe.s                    0x00000000   Number         0  startup_stm32f103xe.o ABSOLUTE
    RESET                                    0x08000000   Section      304  startup_stm32f103xe.o(RESET)
    .ARM.Collect$$$$00000000                 0x08000130   Section        0  entry.o(.ARM.Collect$$$$00000000)
    .ARM.Collect$$$$00000001                 0x08000130   Section        4  entry2.o(.ARM.Collect$$$$00000001)
    .ARM.Collect$$$$00000004                 0x08000134   Section        4  entry5.o(.ARM.Collect$$$$00000004)
    .ARM.Collect$$$$00000008                 0x08000138   Section        0  entry7b.o(.ARM.Collect$$$$00000008)
    .ARM.Collect$$$$0000000A                 0x08000138   Section        0  entry8b.o(.ARM.Collect$$$$0000000A)
    .ARM.Collect$$$$0000000B                 0x08000138   Section        8  entry9a.o(.ARM.Collect$$$$0000000B)
    .ARM.Collect$$$$0000000D                 0x08000140   Section        0  entry10a.o(.ARM.Collect$$$$0000000D)
    .ARM.Collect$$$$0000000F                 0x08000140   Section        0  entry11a.o(.ARM.Collect$$$$0000000F)
    .ARM.Collect$$$$00002712                 0x08000140   Section        4  entry2.o(.ARM.Collect$$$$00002712)
    __lit__00000000                          0x08000140   Data           4  entry2.o(.ARM.Collect$$$$00002712)
    .text                                    0x08000144   Section       36  startup_stm32f103xe.o(.text)
    .text                                    0x08000168   Section        0  llushr.o(.text)
    .text                                    0x08000188   Section        0  memseta.o(.text)
    .text                                    0x080001ac   Section        0  strlen.o(.text)
    .text                                    0x080001ba   Section        0  strcpy.o(.text)
    .text                                    0x080001cc   Section        0  strtok.o(.text)
    .text                                    0x08000210   Section        0  strcasecmp.o(.text)
    .text                                    0x0800023a   Section        0  uidiv.o(.text)
    .text                                    0x08000266   Section        0  uldiv.o(.text)
    .text                                    0x080002c8   Section        0  tolower.o(.text)
    .text                                    0x080002d4   Section        0  dadd.o(.text)
    .text                                    0x080002d4   Section        0  iusefp.o(.text)
    .text                                    0x08000422   Section        0  dmul.o(.text)
    .text                                    0x08000506   Section        0  ddiv.o(.text)
    .text                                    0x080005e4   Section        0  dfixul.o(.text)
    .text                                    0x08000614   Section       48  cdrcmple.o(.text)
    .text                                    0x08000644   Section       36  init.o(.text)
    .text                                    0x08000668   Section        0  llshl.o(.text)
    .text                                    0x08000686   Section        0  llsshr.o(.text)
    .text                                    0x080006aa   Section        0  depilogue.o(.text)
    i.BusFault_Handler                       0x08000764   Section        0  stm32f1xx_it.o(i.BusFault_Handler)
    i.CCn_Power_Mornitor                     0x08000768   Section        0  vme.o(i.CCn_Power_Mornitor)
    i.DMA1_Channel4_IRQHandler               0x080007dc   Section        0  stm32f1xx_it.o(i.DMA1_Channel4_IRQHandler)
    i.DMA1_Channel5_IRQHandler               0x080007e8   Section        0  stm32f1xx_it.o(i.DMA1_Channel5_IRQHandler)
    i.DebugMon_Handler                       0x080007f4   Section        0  stm32f1xx_it.o(i.DebugMon_Handler)
    i.Error_Handler                          0x080007f6   Section        0  main.o(i.Error_Handler)
    i.FSMC_NORSRAM_Extended_Timing_Init      0x080007f8   Section        0  stm32f1xx_ll_fsmc.o(i.FSMC_NORSRAM_Extended_Timing_Init)
    i.FSMC_NORSRAM_Init                      0x08000834   Section        0  stm32f1xx_ll_fsmc.o(i.FSMC_NORSRAM_Init)
    i.FSMC_NORSRAM_Timing_Init               0x0800089c   Section        0  stm32f1xx_ll_fsmc.o(i.FSMC_NORSRAM_Timing_Init)
    i.Get_LM95235_Temp                       0x080008e0   Section        0  bsp_i2c.o(i.Get_LM95235_Temp)
    i.HAL_DMA_Abort_IT                       0x080009a8   Section        0  stm32f1xx_hal_dma.o(i.HAL_DMA_Abort_IT)
    i.HAL_DMA_GetState                       0x08000ad8   Section        0  stm32f1xx_hal_dma.o(i.HAL_DMA_GetState)
    i.HAL_DMA_IRQHandler                     0x08000ae0   Section        0  stm32f1xx_hal_dma.o(i.HAL_DMA_IRQHandler)
    i.HAL_DMA_Init                           0x08000d28   Section        0  stm32f1xx_hal_dma.o(i.HAL_DMA_Init)
    i.HAL_Delay                              0x08000da4   Section        0  stm32f1xx_hal.o(i.HAL_Delay)
    i.HAL_FSMC_MspInit                       0x08000dc8   Section        0  stm32f1xx_hal_msp.o(i.HAL_FSMC_MspInit)
    HAL_FSMC_MspInit                         0x08000dc9   Thumb Code   122  stm32f1xx_hal_msp.o(i.HAL_FSMC_MspInit)
    i.HAL_GPIO_Init                          0x08000e5c   Section        0  stm32f1xx_hal_gpio.o(i.HAL_GPIO_Init)
    i.HAL_GPIO_ReadPin                       0x08001054   Section        0  stm32f1xx_hal_gpio.o(i.HAL_GPIO_ReadPin)
    i.HAL_GPIO_WritePin                      0x0800105e   Section        0  stm32f1xx_hal_gpio.o(i.HAL_GPIO_WritePin)
    i.HAL_GetTick                            0x08001068   Section        0  stm32f1xx_hal.o(i.HAL_GetTick)
    i.HAL_I2C_AbortCpltCallback              0x08001074   Section        0  stm32f1xx_hal_i2c.o(i.HAL_I2C_AbortCpltCallback)
    i.HAL_I2C_AddrCallback                   0x08001076   Section        0  stm32f1xx_hal_i2c.o(i.HAL_I2C_AddrCallback)
    i.HAL_I2C_ER_IRQHandler                  0x08001078   Section        0  stm32f1xx_hal_i2c.o(i.HAL_I2C_ER_IRQHandler)
    i.HAL_I2C_EV_IRQHandler                  0x0800113c   Section        0  stm32f1xx_hal_i2c.o(i.HAL_I2C_EV_IRQHandler)
    i.HAL_I2C_ErrorCallback                  0x08001396   Section        0  stm32f1xx_hal_i2c.o(i.HAL_I2C_ErrorCallback)
    i.HAL_I2C_Init                           0x08001398   Section        0  stm32f1xx_hal_i2c.o(i.HAL_I2C_Init)
    i.HAL_I2C_ListenCpltCallback             0x0800150c   Section        0  stm32f1xx_hal_i2c.o(i.HAL_I2C_ListenCpltCallback)
    i.HAL_I2C_MasterRxCpltCallback           0x0800150e   Section        0  stm32f1xx_hal_i2c.o(i.HAL_I2C_MasterRxCpltCallback)
    i.HAL_I2C_MasterTxCpltCallback           0x08001510   Section        0  stm32f1xx_hal_i2c.o(i.HAL_I2C_MasterTxCpltCallback)
    i.HAL_I2C_MemRxCpltCallback              0x08001512   Section        0  stm32f1xx_hal_i2c.o(i.HAL_I2C_MemRxCpltCallback)
    i.HAL_I2C_MemTxCpltCallback              0x08001514   Section        0  stm32f1xx_hal_i2c.o(i.HAL_I2C_MemTxCpltCallback)
    i.HAL_I2C_Mem_Read                       0x08001518   Section        0  stm32f1xx_hal_i2c.o(i.HAL_I2C_Mem_Read)
    i.HAL_I2C_Mem_Write                      0x08001738   Section        0  stm32f1xx_hal_i2c.o(i.HAL_I2C_Mem_Write)
    i.HAL_I2C_MspInit                        0x08001868   Section        0  stm32f1xx_hal_msp.o(i.HAL_I2C_MspInit)
    i.HAL_I2C_SlaveRxCpltCallback            0x08001920   Section        0  main.o(i.HAL_I2C_SlaveRxCpltCallback)
    i.HAL_I2C_SlaveTxCpltCallback            0x08001944   Section        0  stm32f1xx_hal_i2c.o(i.HAL_I2C_SlaveTxCpltCallback)
    i.HAL_I2C_Slave_Receive_IT               0x08001948   Section        0  stm32f1xx_hal_i2c.o(i.HAL_I2C_Slave_Receive_IT)
    i.HAL_IncTick                            0x080019c4   Section        0  stm32f1xx_hal.o(i.HAL_IncTick)
    i.HAL_Init                               0x080019d4   Section        0  stm32f1xx_hal.o(i.HAL_Init)
    i.HAL_InitTick                           0x080019f8   Section        0  stm32f1xx_hal.o(i.HAL_InitTick)
    i.HAL_MspInit                            0x08001a38   Section        0  stm32f1xx_hal_msp.o(i.HAL_MspInit)
    i.HAL_NVIC_EnableIRQ                     0x08001a74   Section        0  stm32f1xx_hal_cortex.o(i.HAL_NVIC_EnableIRQ)
    i.HAL_NVIC_SetPriority                   0x08001a90   Section        0  stm32f1xx_hal_cortex.o(i.HAL_NVIC_SetPriority)
    i.HAL_NVIC_SetPriorityGrouping           0x08001ad0   Section        0  stm32f1xx_hal_cortex.o(i.HAL_NVIC_SetPriorityGrouping)
    i.HAL_RCC_ClockConfig                    0x08001af4   Section        0  stm32f1xx_hal_rcc.o(i.HAL_RCC_ClockConfig)
    i.HAL_RCC_GetPCLK1Freq                   0x08001c20   Section        0  stm32f1xx_hal_rcc.o(i.HAL_RCC_GetPCLK1Freq)
    i.HAL_RCC_GetPCLK2Freq                   0x08001c40   Section        0  stm32f1xx_hal_rcc.o(i.HAL_RCC_GetPCLK2Freq)
    i.HAL_RCC_GetSysClockFreq                0x08001c60   Section        0  stm32f1xx_hal_rcc.o(i.HAL_RCC_GetSysClockFreq)
    i.HAL_RCC_OscConfig                      0x08001ccc   Section        0  stm32f1xx_hal_rcc.o(i.HAL_RCC_OscConfig)
    i.HAL_SPI_Init                           0x08001fec   Section        0  stm32f1xx_hal_spi.o(i.HAL_SPI_Init)
    i.HAL_SPI_MspInit                        0x08002068   Section        0  stm32f1xx_hal_msp.o(i.HAL_SPI_MspInit)
    i.HAL_SRAM_Init                          0x080020dc   Section        0  stm32f1xx_hal_sram.o(i.HAL_SRAM_Init)
    i.HAL_SRAM_MspInit                       0x08002138   Section        0  stm32f1xx_hal_msp.o(i.HAL_SRAM_MspInit)
    i.HAL_SYSTICK_Config                     0x0800213c   Section        0  stm32f1xx_hal_cortex.o(i.HAL_SYSTICK_Config)
    i.HAL_UART_ErrorCallback                 0x08002164   Section        0  stm32f1xx_hal_uart.o(i.HAL_UART_ErrorCallback)
    i.HAL_UART_IRQHandler                    0x08002168   Section        0  stm32f1xx_hal_uart.o(i.HAL_UART_IRQHandler)
    i.HAL_UART_Init                          0x08002278   Section        0  stm32f1xx_hal_uart.o(i.HAL_UART_Init)
    i.HAL_UART_MspInit                       0x080022dc   Section        0  stm32f1xx_hal_msp.o(i.HAL_UART_MspInit)
    i.HAL_UART_Receive_IT                    0x080023b8   Section        0  stm32f1xx_hal_uart.o(i.HAL_UART_Receive_IT)
    i.HAL_UART_RxCpltCallback                0x0800240c   Section        0  main.o(i.HAL_UART_RxCpltCallback)
    i.HAL_UART_Transmit                      0x080024c8   Section        0  stm32f1xx_hal_uart.o(i.HAL_UART_Transmit)
    i.HAL_UART_TxCpltCallback                0x08002582   Section        0  stm32f1xx_hal_uart.o(i.HAL_UART_TxCpltCallback)
    i.HardFault_Handler                      0x08002584   Section        0  stm32f1xx_it.o(i.HardFault_Handler)
    i.I2C1_LM95235_Config                    0x08002588   Section        0  bsp_i2c.o(i.I2C1_LM95235_Config)
    i.I2C1_LM95235_Get_Dev_ID                0x08002628   Section        0  bsp_i2c.o(i.I2C1_LM95235_Get_Dev_ID)
    i.I2C1_LM95235_Read_LOC_Temp             0x08002684   Section        0  bsp_i2c.o(i.I2C1_LM95235_Read_LOC_Temp)
    i.I2C1_LM95235_Read_REM_Temp             0x080026d4   Section        0  bsp_i2c.o(i.I2C1_LM95235_Read_REM_Temp)
    i.I2C2_ER_IRQHandler                     0x08002724   Section        0  stm32f1xx_it.o(i.I2C2_ER_IRQHandler)
    i.I2C2_EV_IRQHandler                     0x08002730   Section        0  stm32f1xx_it.o(i.I2C2_EV_IRQHandler)
    i.I2C_DMAAbort                           0x0800273c   Section        0  stm32f1xx_hal_i2c.o(i.I2C_DMAAbort)
    I2C_DMAAbort                             0x0800273d   Thumb Code   126  stm32f1xx_hal_i2c.o(i.I2C_DMAAbort)
    i.I2C_ITError                            0x080027bc   Section        0  stm32f1xx_hal_i2c.o(i.I2C_ITError)
    I2C_ITError                              0x080027bd   Thumb Code   312  stm32f1xx_hal_i2c.o(i.I2C_ITError)
    i.I2C_IsAcknowledgeFailed                0x080028fc   Section        0  stm32f1xx_hal_i2c.o(i.I2C_IsAcknowledgeFailed)
    I2C_IsAcknowledgeFailed                  0x080028fd   Thumb Code    46  stm32f1xx_hal_i2c.o(i.I2C_IsAcknowledgeFailed)
    i.I2C_MasterReceive_BTF                  0x0800292a   Section        0  stm32f1xx_hal_i2c.o(i.I2C_MasterReceive_BTF)
    I2C_MasterReceive_BTF                    0x0800292b   Thumb Code   210  stm32f1xx_hal_i2c.o(i.I2C_MasterReceive_BTF)
    i.I2C_MasterReceive_RXNE                 0x080029fc   Section        0  stm32f1xx_hal_i2c.o(i.I2C_MasterReceive_RXNE)
    I2C_MasterReceive_RXNE                   0x080029fd   Thumb Code   146  stm32f1xx_hal_i2c.o(i.I2C_MasterReceive_RXNE)
    i.I2C_MasterTransmit_BTF                 0x08002a90   Section        0  stm32f1xx_hal_i2c.o(i.I2C_MasterTransmit_BTF)
    I2C_MasterTransmit_BTF                   0x08002a91   Thumb Code   130  stm32f1xx_hal_i2c.o(i.I2C_MasterTransmit_BTF)
    i.I2C_MasterTransmit_TXE                 0x08002b14   Section        0  stm32f1xx_hal_i2c.o(i.I2C_MasterTransmit_TXE)
    I2C_MasterTransmit_TXE                   0x08002b15   Thumb Code   260  stm32f1xx_hal_i2c.o(i.I2C_MasterTransmit_TXE)
    i.I2C_Master_ADDR                        0x08002c18   Section        0  stm32f1xx_hal_i2c.o(i.I2C_Master_ADDR)
    I2C_Master_ADDR                          0x08002c19   Thumb Code   340  stm32f1xx_hal_i2c.o(i.I2C_Master_ADDR)
    i.I2C_Master_SB                          0x08002d70   Section        0  stm32f1xx_hal_i2c.o(i.I2C_Master_SB)
    I2C_Master_SB                            0x08002d71   Thumb Code   142  stm32f1xx_hal_i2c.o(i.I2C_Master_SB)
    i.I2C_RequestMemoryRead                  0x08002dfe   Section        0  stm32f1xx_hal_i2c.o(i.I2C_RequestMemoryRead)
    I2C_RequestMemoryRead                    0x08002dff   Thumb Code   230  stm32f1xx_hal_i2c.o(i.I2C_RequestMemoryRead)
    i.I2C_RequestMemoryWrite                 0x08002ee4   Section        0  stm32f1xx_hal_i2c.o(i.I2C_RequestMemoryWrite)
    I2C_RequestMemoryWrite                   0x08002ee5   Thumb Code   144  stm32f1xx_hal_i2c.o(i.I2C_RequestMemoryWrite)
    i.I2C_Slave_AF                           0x08002f78   Section        0  stm32f1xx_hal_i2c.o(i.I2C_Slave_AF)
    I2C_Slave_AF                             0x08002f79   Thumb Code   126  stm32f1xx_hal_i2c.o(i.I2C_Slave_AF)
    i.I2C_Slave_STOPF                        0x08002ffc   Section        0  stm32f1xx_hal_i2c.o(i.I2C_Slave_STOPF)
    I2C_Slave_STOPF                          0x08002ffd   Thumb Code   338  stm32f1xx_hal_i2c.o(i.I2C_Slave_STOPF)
    i.I2C_WaitOnBTFFlagUntilTimeout          0x08003158   Section        0  stm32f1xx_hal_i2c.o(i.I2C_WaitOnBTFFlagUntilTimeout)
    I2C_WaitOnBTFFlagUntilTimeout            0x08003159   Thumb Code    76  stm32f1xx_hal_i2c.o(i.I2C_WaitOnBTFFlagUntilTimeout)
    i.I2C_WaitOnFlagUntilTimeout             0x080031a4   Section        0  stm32f1xx_hal_i2c.o(i.I2C_WaitOnFlagUntilTimeout)
    I2C_WaitOnFlagUntilTimeout               0x080031a5   Thumb Code   104  stm32f1xx_hal_i2c.o(i.I2C_WaitOnFlagUntilTimeout)
    i.I2C_WaitOnMasterAddressFlagUntilTimeout 0x0800320c   Section        0  stm32f1xx_hal_i2c.o(i.I2C_WaitOnMasterAddressFlagUntilTimeout)
    I2C_WaitOnMasterAddressFlagUntilTimeout  0x0800320d   Thumb Code   150  stm32f1xx_hal_i2c.o(i.I2C_WaitOnMasterAddressFlagUntilTimeout)
    i.I2C_WaitOnRXNEFlagUntilTimeout         0x080032a2   Section        0  stm32f1xx_hal_i2c.o(i.I2C_WaitOnRXNEFlagUntilTimeout)
    I2C_WaitOnRXNEFlagUntilTimeout           0x080032a3   Thumb Code   102  stm32f1xx_hal_i2c.o(i.I2C_WaitOnRXNEFlagUntilTimeout)
    i.I2C_WaitOnTXEFlagUntilTimeout          0x08003308   Section        0  stm32f1xx_hal_i2c.o(i.I2C_WaitOnTXEFlagUntilTimeout)
    I2C_WaitOnTXEFlagUntilTimeout            0x08003309   Thumb Code    76  stm32f1xx_hal_i2c.o(i.I2C_WaitOnTXEFlagUntilTimeout)
    i.MCU_BSP_Init                           0x08003354   Section        0  mcu_bsp.o(i.MCU_BSP_Init)
    i.MX_FSMC_Init                           0x08003358   Section        0  main.o(i.MX_FSMC_Init)
    MX_FSMC_Init                             0x08003359   Thumb Code   102  main.o(i.MX_FSMC_Init)
    i.MX_GPIO_Init                           0x080033cc   Section        0  main.o(i.MX_GPIO_Init)
    MX_GPIO_Init                             0x080033cd   Thumb Code   102  main.o(i.MX_GPIO_Init)
    i.MX_SPI2_Init                           0x08003438   Section        0  main.o(i.MX_SPI2_Init)
    MX_SPI2_Init                             0x08003439   Thumb Code    44  main.o(i.MX_SPI2_Init)
    i.MemManage_Handler                      0x0800346c   Section        0  stm32f1xx_it.o(i.MemManage_Handler)
    i.NMI_Handler                            0x0800346e   Section        0  stm32f1xx_it.o(i.NMI_Handler)
    i.PendSV_Handler                         0x08003470   Section        0  stm32f1xx_it.o(i.PendSV_Handler)
    i.SVC_Handler                            0x08003472   Section        0  stm32f1xx_it.o(i.SVC_Handler)
    i.SysTick_Handler                        0x08003474   Section        0  stm32f1xx_it.o(i.SysTick_Handler)
    i.SystemClock_Config                     0x08003478   Section        0  main.o(i.SystemClock_Config)
    i.SystemInit                             0x080034c4   Section        0  system_stm32f1xx.o(i.SystemInit)
    i.UART_DMAAbortOnError                   0x0800350c   Section        0  stm32f1xx_hal_uart.o(i.UART_DMAAbortOnError)
    UART_DMAAbortOnError                     0x0800350d   Thumb Code    16  stm32f1xx_hal_uart.o(i.UART_DMAAbortOnError)
    i.UART_EndRxTransfer                     0x0800351c   Section        0  stm32f1xx_hal_uart.o(i.UART_EndRxTransfer)
    UART_EndRxTransfer                       0x0800351d   Thumb Code    28  stm32f1xx_hal_uart.o(i.UART_EndRxTransfer)
    i.UART_Receive_IT                        0x08003538   Section        0  stm32f1xx_hal_uart.o(i.UART_Receive_IT)
    UART_Receive_IT                          0x08003539   Thumb Code   150  stm32f1xx_hal_uart.o(i.UART_Receive_IT)
    i.UART_SetConfig                         0x080035d0   Section        0  stm32f1xx_hal_uart.o(i.UART_SetConfig)
    UART_SetConfig                           0x080035d1   Thumb Code   178  stm32f1xx_hal_uart.o(i.UART_SetConfig)
    i.UART_Transmit_IT                       0x08003688   Section        0  stm32f1xx_hal_uart.o(i.UART_Transmit_IT)
    UART_Transmit_IT                         0x08003689   Thumb Code    98  stm32f1xx_hal_uart.o(i.UART_Transmit_IT)
    i.UART_WaitOnFlagUntilTimeout            0x080036ea   Section        0  stm32f1xx_hal_uart.o(i.UART_WaitOnFlagUntilTimeout)
    UART_WaitOnFlagUntilTimeout              0x080036eb   Thumb Code   100  stm32f1xx_hal_uart.o(i.UART_WaitOnFlagUntilTimeout)
    i.USART1_IRQHandler                      0x08003750   Section        0  stm32f1xx_it.o(i.USART1_IRQHandler)
    i.UsageFault_Handler                     0x0800375c   Section        0  stm32f1xx_it.o(i.UsageFault_Handler)
    i.__0printf                              0x08003760   Section        0  printfa.o(i.__0printf)
    i.__0vprintf                             0x08003780   Section        0  printfa.o(i.__0vprintf)
    i.__NVIC_SetPriority                     0x08003790   Section        0  stm32f1xx_hal_cortex.o(i.__NVIC_SetPriority)
    __NVIC_SetPriority                       0x08003791   Thumb Code    32  stm32f1xx_hal_cortex.o(i.__NVIC_SetPriority)
    i.__scatterload_copy                     0x080037b0   Section       14  handlers.o(i.__scatterload_copy)
    i.__scatterload_null                     0x080037be   Section        2  handlers.o(i.__scatterload_null)
    i.__scatterload_zeroinit                 0x080037c0   Section       14  handlers.o(i.__scatterload_zeroinit)
    i._fp_digits                             0x080037d0   Section        0  printfa.o(i._fp_digits)
    _fp_digits                               0x080037d1   Thumb Code   334  printfa.o(i._fp_digits)
    i._printf_core                           0x08003934   Section        0  printfa.o(i._printf_core)
    _printf_core                             0x08003935   Thumb Code  1744  printfa.o(i._printf_core)
    i._printf_post_padding                   0x08004010   Section        0  printfa.o(i._printf_post_padding)
    _printf_post_padding                     0x08004011   Thumb Code    36  printfa.o(i._printf_post_padding)
    i._printf_pre_padding                    0x08004034   Section        0  printfa.o(i._printf_pre_padding)
    _printf_pre_padding                      0x08004035   Thumb Code    46  printfa.o(i._printf_pre_padding)
    i.cli_main                               0x08004064   Section        0  cli_main.o(i.cli_main)
    i.cli_parse_cmd                          0x080040f0   Section        0  cli_main.o(i.cli_parse_cmd)
    i.cli_strcmp                             0x08004158   Section        0  cli_main.o(i.cli_strcmp)
    i.force_poweroff_chip0                   0x080041d4   Section        0  corechip0_pwrmanage.o(i.force_poweroff_chip0)
    force_poweroff_chip0                     0x080041d5   Thumb Code    18  corechip0_pwrmanage.o(i.force_poweroff_chip0)
    i.fputc                                  0x080041ec   Section        0  main.o(i.fputc)
    i.get_bootmode_state_chip0               0x08004204   Section        0  corechip0_pwrmanage.o(i.get_bootmode_state_chip0)
    get_bootmode_state_chip0                 0x08004205   Thumb Code   102  corechip0_pwrmanage.o(i.get_bootmode_state_chip0)
    i.get_endian_state_chip0                 0x08004274   Section        0  corechip0_pwrmanage.o(i.get_endian_state_chip0)
    get_endian_state_chip0                   0x08004275   Thumb Code    50  corechip0_pwrmanage.o(i.get_endian_state_chip0)
    i.get_heartbeat_state_chip0              0x080042b0   Section        0  corechip0_pwrmanage.o(i.get_heartbeat_state_chip0)
    get_heartbeat_state_chip0                0x080042b1   Thumb Code     4  corechip0_pwrmanage.o(i.get_heartbeat_state_chip0)
    i.get_pwr_state_chip0                    0x080042b4   Section        0  corechip0_pwrmanage.o(i.get_pwr_state_chip0)
    get_pwr_state_chip0                      0x080042b5   Thumb Code   100  corechip0_pwrmanage.o(i.get_pwr_state_chip0)
    i.get_pwroff_state_chip0                 0x0800431c   Section        0  corechip0_pwrmanage.o(i.get_pwroff_state_chip0)
    get_pwroff_state_chip0                   0x0800431d   Thumb Code    30  corechip0_pwrmanage.o(i.get_pwroff_state_chip0)
    i.get_pwron_state_chip0                  0x08004344   Section        0  corechip0_pwrmanage.o(i.get_pwron_state_chip0)
    get_pwron_state_chip0                    0x08004345   Thumb Code    30  corechip0_pwrmanage.o(i.get_pwron_state_chip0)
    i.get_rdy_state_chip0                    0x0800436c   Section        0  corechip0_pwrmanage.o(i.get_rdy_state_chip0)
    get_rdy_state_chip0                      0x0800436d   Thumb Code    36  corechip0_pwrmanage.o(i.get_rdy_state_chip0)
    i.get_reset_state_chip0                  0x08004394   Section        0  corechip0_pwrmanage.o(i.get_reset_state_chip0)
    get_reset_state_chip0                    0x08004395   Thumb Code    86  corechip0_pwrmanage.o(i.get_reset_state_chip0)
    i.main                                   0x080043f0   Section        0  main.o(i.main)
    i.mcu_config_clk                         0x080044dc   Section        0  mcu_init.o(i.mcu_config_clk)
    i.mcu_display_CCn_eeror                  0x080044e0   Section        0  mcu_app.o(i.mcu_display_CCn_eeror)
    i.mcu_get_pwr_state                      0x0800453c   Section        0  mcu_init.o(i.mcu_get_pwr_state)
    i.mcu_get_temp_state                     0x08004540   Section        0  bsp_i2c.o(i.mcu_get_temp_state)
    i.mcu_gpio_init                          0x08004584   Section        0  mcu_bsp.o(i.mcu_gpio_init)
    i.mcu_initial                            0x080046c4   Section        0  mcu_init.o(i.mcu_initial)
    i.mcu_oth_func                           0x080046d2   Section        0  mcu_app.o(i.mcu_oth_func)
    i.mcu_reset_device                       0x080046dc   Section        0  mcu_init.o(i.mcu_reset_device)
    i.mcu_set_led                            0x080046e0   Section        0  mcu_bsp.o(i.mcu_set_led)
    i.poweroff_chip0                         0x08004724   Section        0  corechip0_pwrmanage.o(i.poweroff_chip0)
    poweroff_chip0                           0x08004725   Thumb Code     4  corechip0_pwrmanage.o(i.poweroff_chip0)
    i.poweron_chip0                          0x08004728   Section        0  corechip0_pwrmanage.o(i.poweron_chip0)
    poweron_chip0                            0x08004729   Thumb Code   152  corechip0_pwrmanage.o(i.poweron_chip0)
    i.print_cmd_table                        0x080047c4   Section        0  cli_main.o(i.print_cmd_table)
    i.reset_chip0                            0x080047ec   Section        0  corechip0_pwrmanage.o(i.reset_chip0)
    reset_chip0                              0x080047ed   Thumb Code    96  corechip0_pwrmanage.o(i.reset_chip0)
    i.software_version                       0x08004854   Section        0  cli_main.o(i.software_version)
    i.user_printf                            0x08004884   Section        0  cli_main.o(i.user_printf)
    i.user_printf_2                          0x08004898   Section        0  cli_main.o(i.user_printf_2)
    i.vme_startup                            0x080048b4   Section        0  vme.o(i.vme_startup)
    .constdata                               0x08004a10   Section       16  system_stm32f1xx.o(.constdata)
    .constdata                               0x08004a20   Section        8  system_stm32f1xx.o(.constdata)
    .conststring                             0x08004a28   Section       24  cli_main.o(.conststring)
    .conststring                             0x08004a40   Section       10  corechip0_pwrmanage.o(.conststring)
    .data                                    0x20000000   Section        5  main.o(.data)
    .data                                    0x20000008   Section        8  stm32f1xx_hal_msp.o(.data)
    FSMC_Initialized                         0x20000008   Data           4  stm32f1xx_hal_msp.o(.data)
    FSMC_DeInitialized                       0x2000000c   Data           4  stm32f1xx_hal_msp.o(.data)
    .data                                    0x20000010   Section       24  cli_main.o(.data)
    .data                                    0x20000028   Section       52  corechip0_pwrmanage.o(.data)
    .data                                    0x2000005c   Section       16  vme.o(.data)
    CCn_ctx_tbl                              0x20000064   Data           8  vme.o(.data)
    .data                                    0x2000006c   Section       12  stm32f1xx_hal.o(.data)
    .data                                    0x20000078   Section        4  system_stm32f1xx.o(.data)
    .data                                    0x2000007c   Section        4  strtok.o(.data)
    state                                    0x2000007c   Data           4  strtok.o(.data)
    .data                                    0x20000080   Section        4  stdout.o(.data)
    .bss                                     0x20000084   Section      792  main.o(.bss)
    .bss                                     0x2000039c   Section       68  main.o(.bss)
    .bss                                     0x200003e0   Section       68  main.o(.bss)
    .bss                                     0x20000424   Section       59  bsp_i2c.o(.bss)
    STACK                                    0x20000460   Section     1024  startup_stm32f103xe.o(STACK)

    Global Symbols

    Symbol Name                              Value     Ov Type        Size  Object(Section)

    BuildAttributes$$THM_ISAv4$P$D$K$B$S$PE$A:L22UL41UL21$X:L11$S22US41US21$IEEE1$IW$USESV6$~STKCKD$USESV7$~SHL$OSPACE$ROPI$EBA8$MICROLIB$REQ8$PRES8$EABIv2 0x00000000   Number         0  anon$$obj.o ABSOLUTE
    __ARM_use_no_argv                        0x00000000   Number         0  main.o ABSOLUTE
    __cpp_initialize__aeabi_                  - Undefined Weak Reference
    __cxa_finalize                            - Undefined Weak Reference
    __decompress                              - Undefined Weak Reference
    _clock_init                               - Undefined Weak Reference
    _microlib_exit                            - Undefined Weak Reference
    __Vectors_Size                           0x00000130   Number         0  startup_stm32f103xe.o ABSOLUTE
    __Vectors                                0x08000000   Data           4  startup_stm32f103xe.o(RESET)
    __Vectors_End                            0x08000130   Data           0  startup_stm32f103xe.o(RESET)
    __main                                   0x08000131   Thumb Code     0  entry.o(.ARM.Collect$$$$00000000)
    _main_stk                                0x08000131   Thumb Code     0  entry2.o(.ARM.Collect$$$$00000001)
    _main_scatterload                        0x08000135   Thumb Code     0  entry5.o(.ARM.Collect$$$$00000004)
    __main_after_scatterload                 0x08000139   Thumb Code     0  entry5.o(.ARM.Collect$$$$00000004)
    _main_clock                              0x08000139   Thumb Code     0  entry7b.o(.ARM.Collect$$$$00000008)
    _main_cpp_init                           0x08000139   Thumb Code     0  entry8b.o(.ARM.Collect$$$$0000000A)
    _main_init                               0x08000139   Thumb Code     0  entry9a.o(.ARM.Collect$$$$0000000B)
    __rt_final_cpp                           0x08000141   Thumb Code     0  entry10a.o(.ARM.Collect$$$$0000000D)
    __rt_final_exit                          0x08000141   Thumb Code     0  entry11a.o(.ARM.Collect$$$$0000000F)
    Reset_Handler                            0x08000145   Thumb Code     8  startup_stm32f103xe.o(.text)
    ADC1_2_IRQHandler                        0x0800015f   Thumb Code     0  startup_stm32f103xe.o(.text)
    ADC3_IRQHandler                          0x0800015f   Thumb Code     0  startup_stm32f103xe.o(.text)
    CAN1_RX1_IRQHandler                      0x0800015f   Thumb Code     0  startup_stm32f103xe.o(.text)
    CAN1_SCE_IRQHandler                      0x0800015f   Thumb Code     0  startup_stm32f103xe.o(.text)
    DMA1_Channel1_IRQHandler                 0x0800015f   Thumb Code     0  startup_stm32f103xe.o(.text)
    DMA1_Channel2_IRQHandler                 0x0800015f   Thumb Code     0  startup_stm32f103xe.o(.text)
    DMA1_Channel3_IRQHandler                 0x0800015f   Thumb Code     0  startup_stm32f103xe.o(.text)
    DMA1_Channel6_IRQHandler                 0x0800015f   Thumb Code     0  startup_stm32f103xe.o(.text)
    DMA1_Channel7_IRQHandler                 0x0800015f   Thumb Code     0  startup_stm32f103xe.o(.text)
    DMA2_Channel1_IRQHandler                 0x0800015f   Thumb Code     0  startup_stm32f103xe.o(.text)
    DMA2_Channel2_IRQHandler                 0x0800015f   Thumb Code     0  startup_stm32f103xe.o(.text)
    DMA2_Channel3_IRQHandler                 0x0800015f   Thumb Code     0  startup_stm32f103xe.o(.text)
    DMA2_Channel4_5_IRQHandler               0x0800015f   Thumb Code     0  startup_stm32f103xe.o(.text)
    EXTI0_IRQHandler                         0x0800015f   Thumb Code     0  startup_stm32f103xe.o(.text)
    EXTI15_10_IRQHandler                     0x0800015f   Thumb Code     0  startup_stm32f103xe.o(.text)
    EXTI1_IRQHandler                         0x0800015f   Thumb Code     0  startup_stm32f103xe.o(.text)
    EXTI2_IRQHandler                         0x0800015f   Thumb Code     0  startup_stm32f103xe.o(.text)
    EXTI3_IRQHandler                         0x0800015f   Thumb Code     0  startup_stm32f103xe.o(.text)
    EXTI4_IRQHandler                         0x0800015f   Thumb Code     0  startup_stm32f103xe.o(.text)
    EXTI9_5_IRQHandler                       0x0800015f   Thumb Code     0  startup_stm32f103xe.o(.text)
    FLASH_IRQHandler                         0x0800015f   Thumb Code     0  startup_stm32f103xe.o(.text)
    FSMC_IRQHandler                          0x0800015f   Thumb Code     0  startup_stm32f103xe.o(.text)
    I2C1_ER_IRQHandler                       0x0800015f   Thumb Code     0  startup_stm32f103xe.o(.text)
    I2C1_EV_IRQHandler                       0x0800015f   Thumb Code     0  startup_stm32f103xe.o(.text)
    PVD_IRQHandler                           0x0800015f   Thumb Code     0  startup_stm32f103xe.o(.text)
    RCC_IRQHandler                           0x0800015f   Thumb Code     0  startup_stm32f103xe.o(.text)
    RTC_Alarm_IRQHandler                     0x0800015f   Thumb Code     0  startup_stm32f103xe.o(.text)
    RTC_IRQHandler                           0x0800015f   Thumb Code     0  startup_stm32f103xe.o(.text)
    SDIO_IRQHandler                          0x0800015f   Thumb Code     0  startup_stm32f103xe.o(.text)
    SPI1_IRQHandler                          0x0800015f   Thumb Code     0  startup_stm32f103xe.o(.text)
    SPI2_IRQHandler                          0x0800015f   Thumb Code     0  startup_stm32f103xe.o(.text)
    SPI3_IRQHandler                          0x0800015f   Thumb Code     0  startup_stm32f103xe.o(.text)
    TAMPER_IRQHandler                        0x0800015f   Thumb Code     0  startup_stm32f103xe.o(.text)
    TIM1_BRK_IRQHandler                      0x0800015f   Thumb Code     0  startup_stm32f103xe.o(.text)
    TIM1_CC_IRQHandler                       0x0800015f   Thumb Code     0  startup_stm32f103xe.o(.text)
    TIM1_TRG_COM_IRQHandler                  0x0800015f   Thumb Code     0  startup_stm32f103xe.o(.text)
    TIM1_UP_IRQHandler                       0x0800015f   Thumb Code     0  startup_stm32f103xe.o(.text)
    TIM2_IRQHandler                          0x0800015f   Thumb Code     0  startup_stm32f103xe.o(.text)
    TIM3_IRQHandler                          0x0800015f   Thumb Code     0  startup_stm32f103xe.o(.text)
    TIM4_IRQHandler                          0x0800015f   Thumb Code     0  startup_stm32f103xe.o(.text)
    TIM5_IRQHandler                          0x0800015f   Thumb Code     0  startup_stm32f103xe.o(.text)
    TIM6_IRQHandler                          0x0800015f   Thumb Code     0  startup_stm32f103xe.o(.text)
    TIM7_IRQHandler                          0x0800015f   Thumb Code     0  startup_stm32f103xe.o(.text)
    TIM8_BRK_IRQHandler                      0x0800015f   Thumb Code     0  startup_stm32f103xe.o(.text)
    TIM8_CC_IRQHandler                       0x0800015f   Thumb Code     0  startup_stm32f103xe.o(.text)
    TIM8_TRG_COM_IRQHandler                  0x0800015f   Thumb Code     0  startup_stm32f103xe.o(.text)
    TIM8_UP_IRQHandler                       0x0800015f   Thumb Code     0  startup_stm32f103xe.o(.text)
    UART4_IRQHandler                         0x0800015f   Thumb Code     0  startup_stm32f103xe.o(.text)
    UART5_IRQHandler                         0x0800015f   Thumb Code     0  startup_stm32f103xe.o(.text)
    USART2_IRQHandler                        0x0800015f   Thumb Code     0  startup_stm32f103xe.o(.text)
    USART3_IRQHandler                        0x0800015f   Thumb Code     0  startup_stm32f103xe.o(.text)
    USBWakeUp_IRQHandler                     0x0800015f   Thumb Code     0  startup_stm32f103xe.o(.text)
    USB_HP_CAN1_TX_IRQHandler                0x0800015f   Thumb Code     0  startup_stm32f103xe.o(.text)
    USB_LP_CAN1_RX0_IRQHandler               0x0800015f   Thumb Code     0  startup_stm32f103xe.o(.text)
    WWDG_IRQHandler                          0x0800015f   Thumb Code     0  startup_stm32f103xe.o(.text)
    __aeabi_llsr                             0x08000169   Thumb Code    32  llushr.o(.text)
    _ll_ushift_r                             0x08000169   Thumb Code     0  llushr.o(.text)
    __aeabi_memset                           0x08000189   Thumb Code    14  memseta.o(.text)
    __aeabi_memset4                          0x08000189   Thumb Code     0  memseta.o(.text)
    __aeabi_memset8                          0x08000189   Thumb Code     0  memseta.o(.text)
    __aeabi_memclr                           0x08000197   Thumb Code     4  memseta.o(.text)
    __aeabi_memclr4                          0x08000197   Thumb Code     0  memseta.o(.text)
    __aeabi_memclr8                          0x08000197   Thumb Code     0  memseta.o(.text)
    _memset$wrapper                          0x0800019b   Thumb Code    18  memseta.o(.text)
    strlen                                   0x080001ad   Thumb Code    14  strlen.o(.text)
    strcpy                                   0x080001bb   Thumb Code    18  strcpy.o(.text)
    strtok                                   0x080001cd   Thumb Code    62  strtok.o(.text)
    strcasecmp                               0x08000211   Thumb Code    42  strcasecmp.o(.text)
    __aeabi_uidiv                            0x0800023b   Thumb Code     0  uidiv.o(.text)
    __aeabi_uidivmod                         0x0800023b   Thumb Code    44  uidiv.o(.text)
    __aeabi_uldivmod                         0x08000267   Thumb Code    98  uldiv.o(.text)
    tolower                                  0x080002c9   Thumb Code    12  tolower.o(.text)
    __I$use$fp                               0x080002d5   Thumb Code     0  iusefp.o(.text)
    __aeabi_dadd                             0x080002d5   Thumb Code   322  dadd.o(.text)
    __aeabi_dsub                             0x08000417   Thumb Code     6  dadd.o(.text)
    __aeabi_drsub                            0x0800041d   Thumb Code     6  dadd.o(.text)
    __aeabi_dmul                             0x08000423   Thumb Code   228  dmul.o(.text)
    __aeabi_ddiv                             0x08000507   Thumb Code   222  ddiv.o(.text)
    __aeabi_d2ulz                            0x080005e5   Thumb Code    48  dfixul.o(.text)
    __aeabi_cdrcmple                         0x08000615   Thumb Code    48  cdrcmple.o(.text)
    __scatterload                            0x08000645   Thumb Code    28  init.o(.text)
    __scatterload_rt2                        0x08000645   Thumb Code     0  init.o(.text)
    __aeabi_llsl                             0x08000669   Thumb Code    30  llshl.o(.text)
    _ll_shift_l                              0x08000669   Thumb Code     0  llshl.o(.text)
    __aeabi_lasr                             0x08000687   Thumb Code    36  llsshr.o(.text)
    _ll_sshift_r                             0x08000687   Thumb Code     0  llsshr.o(.text)
    _double_round                            0x080006ab   Thumb Code    30  depilogue.o(.text)
    _double_epilogue                         0x080006c9   Thumb Code   156  depilogue.o(.text)
    BusFault_Handler                         0x08000765   Thumb Code     2  stm32f1xx_it.o(i.BusFault_Handler)
    CCn_Power_Mornitor                       0x08000769   Thumb Code   112  vme.o(i.CCn_Power_Mornitor)
    DMA1_Channel4_IRQHandler                 0x080007dd   Thumb Code     6  stm32f1xx_it.o(i.DMA1_Channel4_IRQHandler)
    DMA1_Channel5_IRQHandler                 0x080007e9   Thumb Code     6  stm32f1xx_it.o(i.DMA1_Channel5_IRQHandler)
    DebugMon_Handler                         0x080007f5   Thumb Code     2  stm32f1xx_it.o(i.DebugMon_Handler)
    Error_Handler                            0x080007f7   Thumb Code     2  main.o(i.Error_Handler)
    FSMC_NORSRAM_Extended_Timing_Init        0x080007f9   Thumb Code    56  stm32f1xx_ll_fsmc.o(i.FSMC_NORSRAM_Extended_Timing_Init)
    FSMC_NORSRAM_Init                        0x08000835   Thumb Code    98  stm32f1xx_ll_fsmc.o(i.FSMC_NORSRAM_Init)
    FSMC_NORSRAM_Timing_Init                 0x0800089d   Thumb Code    64  stm32f1xx_ll_fsmc.o(i.FSMC_NORSRAM_Timing_Init)
    Get_LM95235_Temp                         0x080008e1   Thumb Code   114  bsp_i2c.o(i.Get_LM95235_Temp)
    HAL_DMA_Abort_IT                         0x080009a9   Thumb Code   296  stm32f1xx_hal_dma.o(i.HAL_DMA_Abort_IT)
    HAL_DMA_GetState                         0x08000ad9   Thumb Code     6  stm32f1xx_hal_dma.o(i.HAL_DMA_GetState)
    HAL_DMA_IRQHandler                       0x08000ae1   Thumb Code   552  stm32f1xx_hal_dma.o(i.HAL_DMA_IRQHandler)
    HAL_DMA_Init                             0x08000d29   Thumb Code   112  stm32f1xx_hal_dma.o(i.HAL_DMA_Init)
    HAL_Delay                                0x08000da5   Thumb Code    32  stm32f1xx_hal.o(i.HAL_Delay)
    HAL_GPIO_Init                            0x08000e5d   Thumb Code   462  stm32f1xx_hal_gpio.o(i.HAL_GPIO_Init)
    HAL_GPIO_ReadPin                         0x08001055   Thumb Code    10  stm32f1xx_hal_gpio.o(i.HAL_GPIO_ReadPin)
    HAL_GPIO_WritePin                        0x0800105f   Thumb Code    10  stm32f1xx_hal_gpio.o(i.HAL_GPIO_WritePin)
    HAL_GetTick                              0x08001069   Thumb Code     6  stm32f1xx_hal.o(i.HAL_GetTick)
    HAL_I2C_AbortCpltCallback                0x08001075   Thumb Code     2  stm32f1xx_hal_i2c.o(i.HAL_I2C_AbortCpltCallback)
    HAL_I2C_AddrCallback                     0x08001077   Thumb Code     2  stm32f1xx_hal_i2c.o(i.HAL_I2C_AddrCallback)
    HAL_I2C_ER_IRQHandler                    0x08001079   Thumb Code   196  stm32f1xx_hal_i2c.o(i.HAL_I2C_ER_IRQHandler)
    HAL_I2C_EV_IRQHandler                    0x0800113d   Thumb Code   602  stm32f1xx_hal_i2c.o(i.HAL_I2C_EV_IRQHandler)
    HAL_I2C_ErrorCallback                    0x08001397   Thumb Code     2  stm32f1xx_hal_i2c.o(i.HAL_I2C_ErrorCallback)
    HAL_I2C_Init                             0x08001399   Thumb Code   356  stm32f1xx_hal_i2c.o(i.HAL_I2C_Init)
    HAL_I2C_ListenCpltCallback               0x0800150d   Thumb Code     2  stm32f1xx_hal_i2c.o(i.HAL_I2C_ListenCpltCallback)
    HAL_I2C_MasterRxCpltCallback             0x0800150f   Thumb Code     2  stm32f1xx_hal_i2c.o(i.HAL_I2C_MasterRxCpltCallback)
    HAL_I2C_MasterTxCpltCallback             0x08001511   Thumb Code     2  stm32f1xx_hal_i2c.o(i.HAL_I2C_MasterTxCpltCallback)
    HAL_I2C_MemRxCpltCallback                0x08001513   Thumb Code     2  stm32f1xx_hal_i2c.o(i.HAL_I2C_MemRxCpltCallback)
    HAL_I2C_MemTxCpltCallback                0x08001515   Thumb Code     2  stm32f1xx_hal_i2c.o(i.HAL_I2C_MemTxCpltCallback)
    HAL_I2C_Mem_Read                         0x08001519   Thumb Code   530  stm32f1xx_hal_i2c.o(i.HAL_I2C_Mem_Read)
    HAL_I2C_Mem_Write                        0x08001739   Thumb Code   294  stm32f1xx_hal_i2c.o(i.HAL_I2C_Mem_Write)
    HAL_I2C_MspInit                          0x08001869   Thumb Code   168  stm32f1xx_hal_msp.o(i.HAL_I2C_MspInit)
    HAL_I2C_SlaveRxCpltCallback              0x08001921   Thumb Code    26  main.o(i.HAL_I2C_SlaveRxCpltCallback)
    HAL_I2C_SlaveTxCpltCallback              0x08001945   Thumb Code     2  stm32f1xx_hal_i2c.o(i.HAL_I2C_SlaveTxCpltCallback)
    HAL_I2C_Slave_Receive_IT                 0x08001949   Thumb Code   120  stm32f1xx_hal_i2c.o(i.HAL_I2C_Slave_Receive_IT)
    HAL_IncTick                              0x080019c5   Thumb Code    12  stm32f1xx_hal.o(i.HAL_IncTick)
    HAL_Init                                 0x080019d5   Thumb Code    32  stm32f1xx_hal.o(i.HAL_Init)
    HAL_InitTick                             0x080019f9   Thumb Code    54  stm32f1xx_hal.o(i.HAL_InitTick)
    HAL_MspInit                              0x08001a39   Thumb Code    52  stm32f1xx_hal_msp.o(i.HAL_MspInit)
    HAL_NVIC_EnableIRQ                       0x08001a75   Thumb Code    26  stm32f1xx_hal_cortex.o(i.HAL_NVIC_EnableIRQ)
    HAL_NVIC_SetPriority                     0x08001a91   Thumb Code    60  stm32f1xx_hal_cortex.o(i.HAL_NVIC_SetPriority)
    HAL_NVIC_SetPriorityGrouping             0x08001ad1   Thumb Code    26  stm32f1xx_hal_cortex.o(i.HAL_NVIC_SetPriorityGrouping)
    HAL_RCC_ClockConfig                      0x08001af5   Thumb Code   280  stm32f1xx_hal_rcc.o(i.HAL_RCC_ClockConfig)
    HAL_RCC_GetPCLK1Freq                     0x08001c21   Thumb Code    20  stm32f1xx_hal_rcc.o(i.HAL_RCC_GetPCLK1Freq)
    HAL_RCC_GetPCLK2Freq                     0x08001c41   Thumb Code    20  stm32f1xx_hal_rcc.o(i.HAL_RCC_GetPCLK2Freq)
    HAL_RCC_GetSysClockFreq                  0x08001c61   Thumb Code    74  stm32f1xx_hal_rcc.o(i.HAL_RCC_GetSysClockFreq)
    HAL_RCC_OscConfig                        0x08001ccd   Thumb Code   778  stm32f1xx_hal_rcc.o(i.HAL_RCC_OscConfig)
    HAL_SPI_Init                             0x08001fed   Thumb Code   124  stm32f1xx_hal_spi.o(i.HAL_SPI_Init)
    HAL_SPI_MspInit                          0x08002069   Thumb Code   102  stm32f1xx_hal_msp.o(i.HAL_SPI_MspInit)
    HAL_SRAM_Init                            0x080020dd   Thumb Code    92  stm32f1xx_hal_sram.o(i.HAL_SRAM_Init)
    HAL_SRAM_MspInit                         0x08002139   Thumb Code     4  stm32f1xx_hal_msp.o(i.HAL_SRAM_MspInit)
    HAL_SYSTICK_Config                       0x0800213d   Thumb Code    40  stm32f1xx_hal_cortex.o(i.HAL_SYSTICK_Config)
    HAL_UART_ErrorCallback                   0x08002165   Thumb Code     2  stm32f1xx_hal_uart.o(i.HAL_UART_ErrorCallback)
    HAL_UART_IRQHandler                      0x08002169   Thumb Code   266  stm32f1xx_hal_uart.o(i.HAL_UART_IRQHandler)
    HAL_UART_Init                            0x08002279   Thumb Code    98  stm32f1xx_hal_uart.o(i.HAL_UART_Init)
    HAL_UART_MspInit                         0x080022dd   Thumb Code   194  stm32f1xx_hal_msp.o(i.HAL_UART_MspInit)
    HAL_UART_Receive_IT                      0x080023b9   Thumb Code    82  stm32f1xx_hal_uart.o(i.HAL_UART_Receive_IT)
    HAL_UART_RxCpltCallback                  0x0800240d   Thumb Code   168  main.o(i.HAL_UART_RxCpltCallback)
    HAL_UART_Transmit                        0x080024c9   Thumb Code   186  stm32f1xx_hal_uart.o(i.HAL_UART_Transmit)
    HAL_UART_TxCpltCallback                  0x08002583   Thumb Code     2  stm32f1xx_hal_uart.o(i.HAL_UART_TxCpltCallback)
    HardFault_Handler                        0x08002585   Thumb Code     2  stm32f1xx_it.o(i.HardFault_Handler)
    I2C1_LM95235_Config                      0x08002589   Thumb Code   156  bsp_i2c.o(i.I2C1_LM95235_Config)
    I2C1_LM95235_Get_Dev_ID                  0x08002629   Thumb Code    88  bsp_i2c.o(i.I2C1_LM95235_Get_Dev_ID)
    I2C1_LM95235_Read_LOC_Temp               0x08002685   Thumb Code    76  bsp_i2c.o(i.I2C1_LM95235_Read_LOC_Temp)
    I2C1_LM95235_Read_REM_Temp               0x080026d5   Thumb Code    76  bsp_i2c.o(i.I2C1_LM95235_Read_REM_Temp)
    I2C2_ER_IRQHandler                       0x08002725   Thumb Code     6  stm32f1xx_it.o(i.I2C2_ER_IRQHandler)
    I2C2_EV_IRQHandler                       0x08002731   Thumb Code     6  stm32f1xx_it.o(i.I2C2_EV_IRQHandler)
    MCU_BSP_Init                             0x08003355   Thumb Code     2  mcu_bsp.o(i.MCU_BSP_Init)
    MemManage_Handler                        0x0800346d   Thumb Code     2  stm32f1xx_it.o(i.MemManage_Handler)
    NMI_Handler                              0x0800346f   Thumb Code     2  stm32f1xx_it.o(i.NMI_Handler)
    PendSV_Handler                           0x08003471   Thumb Code     2  stm32f1xx_it.o(i.PendSV_Handler)
    SVC_Handler                              0x08003473   Thumb Code     2  stm32f1xx_it.o(i.SVC_Handler)
    SysTick_Handler                          0x08003475   Thumb Code     4  stm32f1xx_it.o(i.SysTick_Handler)
    SystemClock_Config                       0x08003479   Thumb Code    74  main.o(i.SystemClock_Config)
    SystemInit                               0x080034c5   Thumb Code    56  system_stm32f1xx.o(i.SystemInit)
    USART1_IRQHandler                        0x08003751   Thumb Code     6  stm32f1xx_it.o(i.USART1_IRQHandler)
    UsageFault_Handler                       0x0800375d   Thumb Code     2  stm32f1xx_it.o(i.UsageFault_Handler)
    __0printf                                0x08003761   Thumb Code    22  printfa.o(i.__0printf)
    __1printf                                0x08003761   Thumb Code     0  printfa.o(i.__0printf)
    __2printf                                0x08003761   Thumb Code     0  printfa.o(i.__0printf)
    __c89printf                              0x08003761   Thumb Code     0  printfa.o(i.__0printf)
    printf                                   0x08003761   Thumb Code     0  printfa.o(i.__0printf)
    __0vprintf                               0x08003781   Thumb Code     8  printfa.o(i.__0vprintf)
    __1vprintf                               0x08003781   Thumb Code     0  printfa.o(i.__0vprintf)
    __2vprintf                               0x08003781   Thumb Code     0  printfa.o(i.__0vprintf)
    __c89vprintf                             0x08003781   Thumb Code     0  printfa.o(i.__0vprintf)
    vprintf                                  0x08003781   Thumb Code     0  printfa.o(i.__0vprintf)
    __scatterload_copy                       0x080037b1   Thumb Code    14  handlers.o(i.__scatterload_copy)
    __scatterload_null                       0x080037bf   Thumb Code     2  handlers.o(i.__scatterload_null)
    __scatterload_zeroinit                   0x080037c1   Thumb Code    14  handlers.o(i.__scatterload_zeroinit)
    cli_main                                 0x08004065   Thumb Code   102  cli_main.o(i.cli_main)
    cli_parse_cmd                            0x080040f1   Thumb Code    96  cli_main.o(i.cli_parse_cmd)
    cli_strcmp                               0x08004159   Thumb Code   122  cli_main.o(i.cli_strcmp)
    fputc                                    0x080041ed   Thumb Code    20  main.o(i.fputc)
    main                                     0x080043f1   Thumb Code   204  main.o(i.main)
    mcu_config_clk                           0x080044dd   Thumb Code     4  mcu_init.o(i.mcu_config_clk)
    mcu_display_CCn_eeror                    0x080044e1   Thumb Code    28  mcu_app.o(i.mcu_display_CCn_eeror)
    mcu_get_pwr_state                        0x0800453d   Thumb Code     4  mcu_init.o(i.mcu_get_pwr_state)
    mcu_get_temp_state                       0x08004541   Thumb Code    58  bsp_i2c.o(i.mcu_get_temp_state)
    mcu_gpio_init                            0x08004585   Thumb Code   290  mcu_bsp.o(i.mcu_gpio_init)
    mcu_initial                              0x080046c5   Thumb Code    14  mcu_init.o(i.mcu_initial)
    mcu_oth_func                             0x080046d3   Thumb Code    10  mcu_app.o(i.mcu_oth_func)
    mcu_reset_device                         0x080046dd   Thumb Code     4  mcu_init.o(i.mcu_reset_device)
    mcu_set_led                              0x080046e1   Thumb Code    64  mcu_bsp.o(i.mcu_set_led)
    print_cmd_table                          0x080047c5   Thumb Code    26  cli_main.o(i.print_cmd_table)
    software_version                         0x08004855   Thumb Code    14  cli_main.o(i.software_version)
    user_printf                              0x08004885   Thumb Code    18  cli_main.o(i.user_printf)
    user_printf_2                            0x08004899   Thumb Code    24  cli_main.o(i.user_printf_2)
    vme_startup                              0x080048b5   Thumb Code   282  vme.o(i.vme_startup)
    AHBPrescTable                            0x08004a10   Data          16  system_stm32f1xx.o(.constdata)
    APBPrescTable                            0x08004a20   Data           8  system_stm32f1xx.o(.constdata)
    Region$$Table$$Base                      0x08004a4c   Number         0  anon$$obj.o(Region$$Table)
    Region$$Table$$Limit                     0x08004a6c   Number         0  anon$$obj.o(Region$$Table)
    UART_W_Cnt                               0x20000000   Data           1  main.o(.data)
    I2C_R_Cnt                                0x20000001   Data           1  main.o(.data)
    uart1_input_flag                         0x20000002   Data           1  main.o(.data)
    UART_TMPChar                             0x20000003   Data           1  main.o(.data)
    I2C_TMPChar                              0x20000004   Data           1  main.o(.data)
    cmd_list                                 0x20000010   Data          24  cli_main.o(.data)
    CC0_ctx                                  0x20000028   Data          52  corechip0_pwrmanage.o(.data)
    MCU_STATE                                0x2000005c   Data           1  vme.o(.data)
    MCU_ERROR_STATE                          0x20000060   Data           4  vme.o(.data)
    uwTickFreq                               0x2000006c   Data           1  stm32f1xx_hal.o(.data)
    uwTickPrio                               0x20000070   Data           4  stm32f1xx_hal.o(.data)
    uwTick                                   0x20000074   Data           4  stm32f1xx_hal.o(.data)
    SystemCoreClock                          0x20000078   Data           4  system_stm32f1xx.o(.data)
    __stdout                                 0x20000080   Data           4  stdout.o(.data)
    UART_Buffer                              0x20000084   Data         200  main.o(.bss)
    I2C_Buffer                               0x2000014c   Data         200  main.o(.bss)
    hi2c1                                    0x20000214   Data          84  main.o(.bss)
    hi2c2                                    0x20000268   Data          84  main.o(.bss)
    hspi2                                    0x200002bc   Data          88  main.o(.bss)
    huart1                                   0x20000314   Data          64  main.o(.bss)
    hsram3                                   0x20000354   Data          72  main.o(.bss)
    hdma_usart1_rx                           0x2000039c   Data          68  main.o(.bss)
    hdma_usart1_tx                           0x200003e0   Data          68  main.o(.bss)
    CPU_1_LM95235                            0x20000424   Data           9  bsp_i2c.o(.bss)
    I2C_Read_Buf                             0x2000042d   Data          50  bsp_i2c.o(.bss)
    __initial_sp                             0x20000860   Data           0  startup_stm32f103xe.o(STACK)



==============================================================================

Memory Map of the image

  Image Entry point : 0x08000131

  Load Region LR_IROM1 (Base: 0x08000000, Size: 0x00004af0, Max: 0x00080000, ABSOLUTE)

    Execution Region ER_IROM1 (Base: 0x08000000, Size: 0x00004a6c, Max: 0x00080000, ABSOLUTE)

    Base Addr    Size         Type   Attr      Idx    E Section Name        Object

    0x08000000   0x00000130   Data   RO            3    RESET               startup_stm32f103xe.o
    0x08000130   0x00000000   Code   RO         3234  * .ARM.Collect$$$$00000000  mc_w.l(entry.o)
    0x08000130   0x00000004   Code   RO         3513    .ARM.Collect$$$$00000001  mc_w.l(entry2.o)
    0x08000134   0x00000004   Code   RO         3516    .ARM.Collect$$$$00000004  mc_w.l(entry5.o)
    0x08000138   0x00000000   Code   RO         3518    .ARM.Collect$$$$00000008  mc_w.l(entry7b.o)
    0x08000138   0x00000000   Code   RO         3520    .ARM.Collect$$$$0000000A  mc_w.l(entry8b.o)
    0x08000138   0x00000008   Code   RO         3521    .ARM.Collect$$$$0000000B  mc_w.l(entry9a.o)
    0x08000140   0x00000000   Code   RO         3523    .ARM.Collect$$$$0000000D  mc_w.l(entry10a.o)
    0x08000140   0x00000000   Code   RO         3525    .ARM.Collect$$$$0000000F  mc_w.l(entry11a.o)
    0x08000140   0x00000004   Code   RO         3514    .ARM.Collect$$$$00002712  mc_w.l(entry2.o)
    0x08000144   0x00000024   Code   RO            4    .text               startup_stm32f103xe.o
    0x08000168   0x00000020   Code   RO         3237    .text               mc_w.l(llushr.o)
    0x08000188   0x00000024   Code   RO         3239    .text               mc_w.l(memseta.o)
    0x080001ac   0x0000000e   Code   RO         3241    .text               mc_w.l(strlen.o)
    0x080001ba   0x00000012   Code   RO         3243    .text               mc_w.l(strcpy.o)
    0x080001cc   0x00000044   Code   RO         3245    .text               mc_w.l(strtok.o)
    0x08000210   0x0000002a   Code   RO         3251    .text               mc_w.l(strcasecmp.o)
    0x0800023a   0x0000002c   Code   RO         3528    .text               mc_w.l(uidiv.o)
    0x08000266   0x00000062   Code   RO         3530    .text               mc_w.l(uldiv.o)
    0x080002c8   0x0000000c   Code   RO         3532    .text               mc_w.l(tolower.o)
    0x080002d4   0x00000000   Code   RO         3534    .text               mc_w.l(iusefp.o)
    0x080002d4   0x0000014e   Code   RO         3535    .text               mf_w.l(dadd.o)
    0x08000422   0x000000e4   Code   RO         3537    .text               mf_w.l(dmul.o)
    0x08000506   0x000000de   Code   RO         3539    .text               mf_w.l(ddiv.o)
    0x080005e4   0x00000030   Code   RO         3541    .text               mf_w.l(dfixul.o)
    0x08000614   0x00000030   Code   RO         3543    .text               mf_w.l(cdrcmple.o)
    0x08000644   0x00000024   Code   RO         3545    .text               mc_w.l(init.o)
    0x08000668   0x0000001e   Code   RO         3547    .text               mc_w.l(llshl.o)
    0x08000686   0x00000024   Code   RO         3549    .text               mc_w.l(llsshr.o)
    0x080006aa   0x000000ba   Code   RO         3551    .text               mf_w.l(depilogue.o)
    0x08000764   0x00000002   Code   RO          200    i.BusFault_Handler  stm32f1xx_it.o
    0x08000766   0x00000002   PAD
    0x08000768   0x00000074   Code   RO          683    i.CCn_Power_Mornitor  vme.o
    0x080007dc   0x0000000c   Code   RO          201    i.DMA1_Channel4_IRQHandler  stm32f1xx_it.o
    0x080007e8   0x0000000c   Code   RO          202    i.DMA1_Channel5_IRQHandler  stm32f1xx_it.o
    0x080007f4   0x00000002   Code   RO          203    i.DebugMon_Handler  stm32f1xx_it.o
    0x080007f6   0x00000002   Code   RO           13    i.Error_Handler     main.o
    0x080007f8   0x0000003c   Code   RO          865    i.FSMC_NORSRAM_Extended_Timing_Init  stm32f1xx_ll_fsmc.o
    0x08000834   0x00000068   Code   RO          866    i.FSMC_NORSRAM_Init  stm32f1xx_ll_fsmc.o
    0x0800089c   0x00000044   Code   RO          867    i.FSMC_NORSRAM_Timing_Init  stm32f1xx_ll_fsmc.o
    0x080008e0   0x000000c8   Code   RO          729    i.Get_LM95235_Temp  bsp_i2c.o
    0x080009a8   0x00000130   Code   RO         2604    i.HAL_DMA_Abort_IT  stm32f1xx_hal_dma.o
    0x08000ad8   0x00000006   Code   RO         2607    i.HAL_DMA_GetState  stm32f1xx_hal_dma.o
    0x08000ade   0x00000002   PAD
    0x08000ae0   0x00000248   Code   RO         2608    i.HAL_DMA_IRQHandler  stm32f1xx_hal_dma.o
    0x08000d28   0x0000007c   Code   RO         2609    i.HAL_DMA_Init      stm32f1xx_hal_dma.o
    0x08000da4   0x00000024   Code   RO         2231    i.HAL_Delay         stm32f1xx_hal.o
    0x08000dc8   0x00000094   Code   RO          310    i.HAL_FSMC_MspInit  stm32f1xx_hal_msp.o
    0x08000e5c   0x000001f8   Code   RO         2539    i.HAL_GPIO_Init     stm32f1xx_hal_gpio.o
    0x08001054   0x0000000a   Code   RO         2541    i.HAL_GPIO_ReadPin  stm32f1xx_hal_gpio.o
    0x0800105e   0x0000000a   Code   RO         2543    i.HAL_GPIO_WritePin  stm32f1xx_hal_gpio.o
    0x08001068   0x0000000c   Code   RO         2235    i.HAL_GetTick       stm32f1xx_hal.o
    0x08001074   0x00000002   Code   RO         1118    i.HAL_I2C_AbortCpltCallback  stm32f1xx_hal_i2c.o
    0x08001076   0x00000002   Code   RO         1119    i.HAL_I2C_AddrCallback  stm32f1xx_hal_i2c.o
    0x08001078   0x000000c4   Code   RO         1122    i.HAL_I2C_ER_IRQHandler  stm32f1xx_hal_i2c.o
    0x0800113c   0x0000025a   Code   RO         1123    i.HAL_I2C_EV_IRQHandler  stm32f1xx_hal_i2c.o
    0x08001396   0x00000002   Code   RO         1125    i.HAL_I2C_ErrorCallback  stm32f1xx_hal_i2c.o
    0x08001398   0x00000174   Code   RO         1129    i.HAL_I2C_Init      stm32f1xx_hal_i2c.o
    0x0800150c   0x00000002   Code   RO         1131    i.HAL_I2C_ListenCpltCallback  stm32f1xx_hal_i2c.o
    0x0800150e   0x00000002   Code   RO         1132    i.HAL_I2C_MasterRxCpltCallback  stm32f1xx_hal_i2c.o
    0x08001510   0x00000002   Code   RO         1133    i.HAL_I2C_MasterTxCpltCallback  stm32f1xx_hal_i2c.o
    0x08001512   0x00000002   Code   RO         1145    i.HAL_I2C_MemRxCpltCallback  stm32f1xx_hal_i2c.o
    0x08001514   0x00000002   Code   RO         1146    i.HAL_I2C_MemTxCpltCallback  stm32f1xx_hal_i2c.o
    0x08001516   0x00000002   PAD
    0x08001518   0x00000220   Code   RO         1147    i.HAL_I2C_Mem_Read  stm32f1xx_hal_i2c.o
    0x08001738   0x00000130   Code   RO         1150    i.HAL_I2C_Mem_Write  stm32f1xx_hal_i2c.o
    0x08001868   0x000000b8   Code   RO          312    i.HAL_I2C_MspInit   stm32f1xx_hal_msp.o
    0x08001920   0x00000024   Code   RO           14    i.HAL_I2C_SlaveRxCpltCallback  main.o
    0x08001944   0x00000002   Code   RO         1156    i.HAL_I2C_SlaveTxCpltCallback  stm32f1xx_hal_i2c.o
    0x08001946   0x00000002   PAD
    0x08001948   0x0000007c   Code   RO         1159    i.HAL_I2C_Slave_Receive_IT  stm32f1xx_hal_i2c.o
    0x080019c4   0x00000010   Code   RO         2241    i.HAL_IncTick       stm32f1xx_hal.o
    0x080019d4   0x00000024   Code   RO         2242    i.HAL_Init          stm32f1xx_hal.o
    0x080019f8   0x00000040   Code   RO         2243    i.HAL_InitTick      stm32f1xx_hal.o
    0x08001a38   0x0000003c   Code   RO          313    i.HAL_MspInit       stm32f1xx_hal_msp.o
    0x08001a74   0x0000001a   Code   RO         2699    i.HAL_NVIC_EnableIRQ  stm32f1xx_hal_cortex.o
    0x08001a8e   0x00000002   PAD
    0x08001a90   0x00000040   Code   RO         2705    i.HAL_NVIC_SetPriority  stm32f1xx_hal_cortex.o
    0x08001ad0   0x00000024   Code   RO         2706    i.HAL_NVIC_SetPriorityGrouping  stm32f1xx_hal_cortex.o
    0x08001af4   0x0000012c   Code   RO         2399    i.HAL_RCC_ClockConfig  stm32f1xx_hal_rcc.o
    0x08001c20   0x00000020   Code   RO         2406    i.HAL_RCC_GetPCLK1Freq  stm32f1xx_hal_rcc.o
    0x08001c40   0x00000020   Code   RO         2407    i.HAL_RCC_GetPCLK2Freq  stm32f1xx_hal_rcc.o
    0x08001c60   0x0000006c   Code   RO         2408    i.HAL_RCC_GetSysClockFreq  stm32f1xx_hal_rcc.o
    0x08001ccc   0x00000320   Code   RO         2411    i.HAL_RCC_OscConfig  stm32f1xx_hal_rcc.o
    0x08001fec   0x0000007c   Code   RO         1551    i.HAL_SPI_Init      stm32f1xx_hal_spi.o
    0x08002068   0x00000074   Code   RO          315    i.HAL_SPI_MspInit   stm32f1xx_hal_msp.o
    0x080020dc   0x0000005c   Code   RO          987    i.HAL_SRAM_Init     stm32f1xx_hal_sram.o
    0x08002138   0x00000004   Code   RO          317    i.HAL_SRAM_MspInit  stm32f1xx_hal_msp.o
    0x0800213c   0x00000028   Code   RO         2710    i.HAL_SYSTICK_Config  stm32f1xx_hal_cortex.o
    0x08002164   0x00000002   Code   RO         1919    i.HAL_UART_ErrorCallback  stm32f1xx_hal_uart.o
    0x08002166   0x00000002   PAD
    0x08002168   0x00000110   Code   RO         1922    i.HAL_UART_IRQHandler  stm32f1xx_hal_uart.o
    0x08002278   0x00000062   Code   RO         1923    i.HAL_UART_Init     stm32f1xx_hal_uart.o
    0x080022da   0x00000002   PAD
    0x080022dc   0x000000dc   Code   RO          319    i.HAL_UART_MspInit  stm32f1xx_hal_msp.o
    0x080023b8   0x00000052   Code   RO         1928    i.HAL_UART_Receive_IT  stm32f1xx_hal_uart.o
    0x0800240a   0x00000002   PAD
    0x0800240c   0x000000bc   Code   RO           15    i.HAL_UART_RxCpltCallback  main.o
    0x080024c8   0x000000ba   Code   RO         1931    i.HAL_UART_Transmit  stm32f1xx_hal_uart.o
    0x08002582   0x00000002   Code   RO         1934    i.HAL_UART_TxCpltCallback  stm32f1xx_hal_uart.o
    0x08002584   0x00000002   Code   RO          204    i.HardFault_Handler  stm32f1xx_it.o
    0x08002586   0x00000002   PAD
    0x08002588   0x000000a0   Code   RO          730    i.I2C1_LM95235_Config  bsp_i2c.o
    0x08002628   0x0000005c   Code   RO          731    i.I2C1_LM95235_Get_Dev_ID  bsp_i2c.o
    0x08002684   0x00000050   Code   RO          732    i.I2C1_LM95235_Read_LOC_Temp  bsp_i2c.o
    0x080026d4   0x00000050   Code   RO          733    i.I2C1_LM95235_Read_REM_Temp  bsp_i2c.o
    0x08002724   0x0000000c   Code   RO          205    i.I2C2_ER_IRQHandler  stm32f1xx_it.o
    0x08002730   0x0000000c   Code   RO          206    i.I2C2_EV_IRQHandler  stm32f1xx_it.o
    0x0800273c   0x0000007e   Code   RO         1167    i.I2C_DMAAbort      stm32f1xx_hal_i2c.o
    0x080027ba   0x00000002   PAD
    0x080027bc   0x00000140   Code   RO         1170    i.I2C_ITError       stm32f1xx_hal_i2c.o
    0x080028fc   0x0000002e   Code   RO         1171    i.I2C_IsAcknowledgeFailed  stm32f1xx_hal_i2c.o
    0x0800292a   0x000000d2   Code   RO         1172    i.I2C_MasterReceive_BTF  stm32f1xx_hal_i2c.o
    0x080029fc   0x00000092   Code   RO         1173    i.I2C_MasterReceive_RXNE  stm32f1xx_hal_i2c.o
    0x08002a8e   0x00000002   PAD
    0x08002a90   0x00000082   Code   RO         1176    i.I2C_MasterTransmit_BTF  stm32f1xx_hal_i2c.o
    0x08002b12   0x00000002   PAD
    0x08002b14   0x00000104   Code   RO         1177    i.I2C_MasterTransmit_TXE  stm32f1xx_hal_i2c.o
    0x08002c18   0x00000158   Code   RO         1178    i.I2C_Master_ADDR   stm32f1xx_hal_i2c.o
    0x08002d70   0x0000008e   Code   RO         1179    i.I2C_Master_SB     stm32f1xx_hal_i2c.o
    0x08002dfe   0x000000e6   Code   RO         1180    i.I2C_RequestMemoryRead  stm32f1xx_hal_i2c.o
    0x08002ee4   0x00000094   Code   RO         1181    i.I2C_RequestMemoryWrite  stm32f1xx_hal_i2c.o
    0x08002f78   0x00000084   Code   RO         1182    i.I2C_Slave_AF      stm32f1xx_hal_i2c.o
    0x08002ffc   0x0000015c   Code   RO         1183    i.I2C_Slave_STOPF   stm32f1xx_hal_i2c.o
    0x08003158   0x0000004c   Code   RO         1184    i.I2C_WaitOnBTFFlagUntilTimeout  stm32f1xx_hal_i2c.o
    0x080031a4   0x00000068   Code   RO         1185    i.I2C_WaitOnFlagUntilTimeout  stm32f1xx_hal_i2c.o
    0x0800320c   0x00000096   Code   RO         1186    i.I2C_WaitOnMasterAddressFlagUntilTimeout  stm32f1xx_hal_i2c.o
    0x080032a2   0x00000066   Code   RO         1187    i.I2C_WaitOnRXNEFlagUntilTimeout  stm32f1xx_hal_i2c.o
    0x08003308   0x0000004c   Code   RO         1188    i.I2C_WaitOnTXEFlagUntilTimeout  stm32f1xx_hal_i2c.o
    0x08003354   0x00000002   Code   RO          602    i.MCU_BSP_Init      mcu_bsp.o
    0x08003356   0x00000002   PAD
    0x08003358   0x00000074   Code   RO           16    i.MX_FSMC_Init      main.o
    0x080033cc   0x0000006c   Code   RO           17    i.MX_GPIO_Init      main.o
    0x08003438   0x00000034   Code   RO           18    i.MX_SPI2_Init      main.o
    0x0800346c   0x00000002   Code   RO          207    i.MemManage_Handler  stm32f1xx_it.o
    0x0800346e   0x00000002   Code   RO          208    i.NMI_Handler       stm32f1xx_it.o
    0x08003470   0x00000002   Code   RO          209    i.PendSV_Handler    stm32f1xx_it.o
    0x08003472   0x00000002   Code   RO          210    i.SVC_Handler       stm32f1xx_it.o
    0x08003474   0x00000004   Code   RO          211    i.SysTick_Handler   stm32f1xx_it.o
    0x08003478   0x0000004a   Code   RO           19    i.SystemClock_Config  main.o
    0x080034c2   0x00000002   PAD
    0x080034c4   0x00000048   Code   RO         3200    i.SystemInit        system_stm32f1xx.o
    0x0800350c   0x00000010   Code   RO         1936    i.UART_DMAAbortOnError  stm32f1xx_hal_uart.o
    0x0800351c   0x0000001c   Code   RO         1946    i.UART_EndRxTransfer  stm32f1xx_hal_uart.o
    0x08003538   0x00000096   Code   RO         1948    i.UART_Receive_IT   stm32f1xx_hal_uart.o
    0x080035ce   0x00000002   PAD
    0x080035d0   0x000000b8   Code   RO         1949    i.UART_SetConfig    stm32f1xx_hal_uart.o
    0x08003688   0x00000062   Code   RO         1950    i.UART_Transmit_IT  stm32f1xx_hal_uart.o
    0x080036ea   0x00000064   Code   RO         1951    i.UART_WaitOnFlagUntilTimeout  stm32f1xx_hal_uart.o
    0x0800374e   0x00000002   PAD
    0x08003750   0x0000000c   Code   RO          212    i.USART1_IRQHandler  stm32f1xx_it.o
    0x0800375c   0x00000002   Code   RO          213    i.UsageFault_Handler  stm32f1xx_it.o
    0x0800375e   0x00000002   PAD
    0x08003760   0x00000020   Code   RO         3486    i.__0printf         mc_w.l(printfa.o)
    0x08003780   0x00000010   Code   RO         3490    i.__0vprintf        mc_w.l(printfa.o)
    0x08003790   0x00000020   Code   RO         2712    i.__NVIC_SetPriority  stm32f1xx_hal_cortex.o
    0x080037b0   0x0000000e   Code   RO         3555    i.__scatterload_copy  mc_w.l(handlers.o)
    0x080037be   0x00000002   Code   RO         3556    i.__scatterload_null  mc_w.l(handlers.o)
    0x080037c0   0x0000000e   Code   RO         3557    i.__scatterload_zeroinit  mc_w.l(handlers.o)
    0x080037ce   0x00000002   PAD
    0x080037d0   0x00000164   Code   RO         3493    i._fp_digits        mc_w.l(printfa.o)
    0x08003934   0x000006dc   Code   RO         3494    i._printf_core      mc_w.l(printfa.o)
    0x08004010   0x00000024   Code   RO         3495    i._printf_post_padding  mc_w.l(printfa.o)
    0x08004034   0x0000002e   Code   RO         3496    i._printf_pre_padding  mc_w.l(printfa.o)
    0x08004062   0x00000002   PAD
    0x08004064   0x0000008c   Code   RO          390    i.cli_main          cli_main.o
    0x080040f0   0x00000068   Code   RO          391    i.cli_parse_cmd     cli_main.o
    0x08004158   0x0000007a   Code   RO          392    i.cli_strcmp        cli_main.o
    0x080041d2   0x00000002   PAD
    0x080041d4   0x00000018   Code   RO          469    i.force_poweroff_chip0  corechip0_pwrmanage.o
    0x080041ec   0x00000018   Code   RO           20    i.fputc             main.o
    0x08004204   0x00000070   Code   RO          470    i.get_bootmode_state_chip0  corechip0_pwrmanage.o
    0x08004274   0x0000003c   Code   RO          471    i.get_endian_state_chip0  corechip0_pwrmanage.o
    0x080042b0   0x00000004   Code   RO          472    i.get_heartbeat_state_chip0  corechip0_pwrmanage.o
    0x080042b4   0x00000068   Code   RO          473    i.get_pwr_state_chip0  corechip0_pwrmanage.o
    0x0800431c   0x00000028   Code   RO          474    i.get_pwroff_state_chip0  corechip0_pwrmanage.o
    0x08004344   0x00000028   Code   RO          475    i.get_pwron_state_chip0  corechip0_pwrmanage.o
    0x0800436c   0x00000028   Code   RO          476    i.get_rdy_state_chip0  corechip0_pwrmanage.o
    0x08004394   0x0000005c   Code   RO          477    i.get_reset_state_chip0  corechip0_pwrmanage.o
    0x080043f0   0x000000ec   Code   RO           21    i.main              main.o
    0x080044dc   0x00000004   Code   RO          638    i.mcu_config_clk    mcu_init.o
    0x080044e0   0x0000005c   Code   RO          561    i.mcu_display_CCn_eeror  mcu_app.o
    0x0800453c   0x00000004   Code   RO          639    i.mcu_get_pwr_state  mcu_init.o
    0x08004540   0x00000044   Code   RO          734    i.mcu_get_temp_state  bsp_i2c.o
    0x08004584   0x00000140   Code   RO          603    i.mcu_gpio_init     mcu_bsp.o
    0x080046c4   0x0000000e   Code   RO          640    i.mcu_initial       mcu_init.o
    0x080046d2   0x0000000a   Code   RO          562    i.mcu_oth_func      mcu_app.o
    0x080046dc   0x00000004   Code   RO          641    i.mcu_reset_device  mcu_init.o
    0x080046e0   0x00000044   Code   RO          604    i.mcu_set_led       mcu_bsp.o
    0x08004724   0x00000004   Code   RO          478    i.poweroff_chip0    corechip0_pwrmanage.o
    0x08004728   0x0000009c   Code   RO          479    i.poweron_chip0     corechip0_pwrmanage.o
    0x080047c4   0x00000028   Code   RO          393    i.print_cmd_table   cli_main.o
    0x080047ec   0x00000068   Code   RO          480    i.reset_chip0       corechip0_pwrmanage.o
    0x08004854   0x00000030   Code   RO          394    i.software_version  cli_main.o
    0x08004884   0x00000012   Code   RO          395    i.user_printf       cli_main.o
    0x08004896   0x00000002   PAD
    0x08004898   0x0000001c   Code   RO          396    i.user_printf_2     cli_main.o
    0x080048b4   0x0000015c   Code   RO          684    i.vme_startup       vme.o
    0x08004a10   0x00000010   Data   RO         3201    .constdata          system_stm32f1xx.o
    0x08004a20   0x00000008   Data   RO         3202    .constdata          system_stm32f1xx.o
    0x08004a28   0x00000018   Data   RO          397    .conststring        cli_main.o
    0x08004a40   0x0000000a   Data   RO          481    .conststring        corechip0_pwrmanage.o
    0x08004a4a   0x00000002   PAD
    0x08004a4c   0x00000020   Data   RO         3553    Region$$Table       anon$$obj.o


    Execution Region RW_IRAM1 (Base: 0x20000000, Size: 0x00000860, Max: 0x00010000, ABSOLUTE)

    Base Addr    Size         Type   Attr      Idx    E Section Name        Object

    0x20000000   0x00000005   Data   RW           25    .data               main.o
    0x20000005   0x00000003   PAD
    0x20000008   0x00000008   Data   RW          320    .data               stm32f1xx_hal_msp.o
    0x20000010   0x00000018   Data   RW          399    .data               cli_main.o
    0x20000028   0x00000034   Data   RW          483    .data               corechip0_pwrmanage.o
    0x2000005c   0x00000010   Data   RW          685    .data               vme.o
    0x2000006c   0x0000000c   Data   RW         2249    .data               stm32f1xx_hal.o
    0x20000078   0x00000004   Data   RW         3203    .data               system_stm32f1xx.o
    0x2000007c   0x00000004   Data   RW         3246    .data               mc_w.l(strtok.o)
    0x20000080   0x00000004   Data   RW         3527    .data               mc_w.l(stdout.o)
    0x20000084   0x00000318   Zero   RW           22    .bss                main.o
    0x2000039c   0x00000044   Zero   RW           23    .bss                main.o
    0x200003e0   0x00000044   Zero   RW           24    .bss                main.o
    0x20000424   0x0000003b   Zero   RW          735    .bss                bsp_i2c.o
    0x2000045f   0x00000001   PAD
    0x20000460   0x00000400   Zero   RW            1    STACK               startup_stm32f103xe.o


==============================================================================

Image component sizes


      Code (inc. data)   RO Data    RW Data    ZI Data      Debug   Object Name

       680        112          0          0         59       4665   bsp_i2c.o
       500         98         24         24          0       8591   cli_main.o
       780         72         10         52          0       7179   corechip0_pwrmanage.o
       836         94          0          5        928     486277   main.o
       102         64          0          0          0       2057   mcu_app.o
       390         34          0          0          0       1549   mcu_bsp.o
        26          0          0          0          0       1758   mcu_init.o
        36          8        304          0       1024        796   startup_stm32f103xe.o
       164         28          0         12          0       6377   stm32f1xx_hal.o
       198         14          0          0          0      28539   stm32f1xx_hal_cortex.o
      1018         52          0          0          0       3150   stm32f1xx_hal_dma.o
       524         42          0          0          0       3127   stm32f1xx_hal_gpio.o
      5250         76          0          0          0      26089   stm32f1xx_hal_i2c.o
       732         90          0          8          0       4416   stm32f1xx_hal_msp.o
      1272        100          0          0          0       4888   stm32f1xx_hal_rcc.o
       124          0          0          0          0       1155   stm32f1xx_hal_spi.o
        92          0          0          0          0       1092   stm32f1xx_hal_sram.o
      1218         12          0          0          0       8359   stm32f1xx_hal_uart.o
        80         30          0          0          0       5846   stm32f1xx_it.o
       232         14          0          0          0       3551   stm32f1xx_ll_fsmc.o
        72         16         24          4          0       1139   system_stm32f1xx.o
       464         76          0         16          0       2163   vme.o

    ----------------------------------------------------------------------
     14828       1032        396        124       2012     612763   Object Totals
         0          0         32          0          0          0   (incl. Generated)
        38          0          2          3          1          0   (incl. Padding)

    ----------------------------------------------------------------------

      Code (inc. data)   RO Data    RW Data    ZI Data      Debug   Library Member Name

         0          0          0          0          0          0   entry.o
         0          0          0          0          0          0   entry10a.o
         0          0          0          0          0          0   entry11a.o
         8          4          0          0          0          0   entry2.o
         4          0          0          0          0          0   entry5.o
         0          0          0          0          0          0   entry7b.o
         0          0          0          0          0          0   entry8b.o
         8          4          0          0          0          0   entry9a.o
        30          0          0          0          0          0   handlers.o
        36          8          0          0          0         68   init.o
         0          0          0          0          0          0   iusefp.o
        30          0          0          0          0         68   llshl.o
        36          0          0          0          0         68   llsshr.o
        32          0          0          0          0         68   llushr.o
        36          0          0          0          0        108   memseta.o
      2242         98          0          0          0        512   printfa.o
         0          0          0          4          0          0   stdout.o
        42          0          0          0          0         84   strcasecmp.o
        18          0          0          0          0         68   strcpy.o
        14          0          0          0          0         68   strlen.o
        68          6          0          4          0         80   strtok.o
        12          0          0          0          0         68   tolower.o
        44          0          0          0          0         80   uidiv.o
        98          0          0          0          0         92   uldiv.o
        48          0          0          0          0         68   cdrcmple.o
       334          0          0          0          0        148   dadd.o
       222          0          0          0          0        100   ddiv.o
       186          0          0          0          0        176   depilogue.o
        48          0          0          0          0         68   dfixul.o
       228          0          0          0          0         96   dmul.o

    ----------------------------------------------------------------------
      3828        120          0          8          0       2088   Library Totals
         4          0          0          0          0          0   (incl. Padding)

    ----------------------------------------------------------------------

      Code (inc. data)   RO Data    RW Data    ZI Data      Debug   Library Name

      2758        120          0          8          0       1432   mc_w.l
      1066          0          0          0          0        656   mf_w.l

    ----------------------------------------------------------------------
      3828        120          0          8          0       2088   Library Totals

    ----------------------------------------------------------------------

==============================================================================


      Code (inc. data)   RO Data    RW Data    ZI Data      Debug   

     18656       1152        396        132       2012     606943   Grand Totals
     18656       1152        396        132       2012     606943   ELF Image Totals
     18656       1152        396        132          0          0   ROM Totals

==============================================================================

    Total RO  Size (Code + RO Data)                19052 (  18.61kB)
    Total RW  Size (RW Data + ZI Data)              2144 (   2.09kB)
    Total ROM Size (Code + RO Data + RW Data)      19184 (  18.73kB)

==============================================================================

